Archive member included to satisfy reference by file (symbol)

c:/tools/gcc7_2017-q4-major/bin/../lib/gcc/arm-none-eabi/7.2.1/../../../../arm-none-eabi/lib/thumb/v7e-m/fpv4-sp/hard\libc_nano.a(lib_a-exit.o)
                              c:/tools/gcc7_2017-q4-major/bin/../lib/gcc/arm-none-eabi/7.2.1/../../../../arm-none-eabi/lib/thumb/v7e-m/fpv4-sp/hard/crt0.o (exit)
c:/tools/gcc7_2017-q4-major/bin/../lib/gcc/arm-none-eabi/7.2.1/../../../../arm-none-eabi/lib/thumb/v7e-m/fpv4-sp/hard\libc_nano.a(lib_a-impure.o)
                              c:/tools/gcc7_2017-q4-major/bin/../lib/gcc/arm-none-eabi/7.2.1/../../../../arm-none-eabi/lib/thumb/v7e-m/fpv4-sp/hard\libc_nano.a(lib_a-exit.o) (_global_impure_ptr)
c:/tools/gcc7_2017-q4-major/bin/../lib/gcc/arm-none-eabi/7.2.1/../../../../arm-none-eabi/lib/thumb/v7e-m/fpv4-sp/hard\libc_nano.a(lib_a-init.o)
                              c:/tools/gcc7_2017-q4-major/bin/../lib/gcc/arm-none-eabi/7.2.1/../../../../arm-none-eabi/lib/thumb/v7e-m/fpv4-sp/hard/crt0.o (__libc_init_array)
c:/tools/gcc7_2017-q4-major/bin/../lib/gcc/arm-none-eabi/7.2.1/../../../../arm-none-eabi/lib/thumb/v7e-m/fpv4-sp/hard\libc_nano.a(lib_a-memset.o)
                              c:/tools/gcc7_2017-q4-major/bin/../lib/gcc/arm-none-eabi/7.2.1/../../../../arm-none-eabi/lib/thumb/v7e-m/fpv4-sp/hard/crt0.o (memset)
c:/tools/gcc7_2017-q4-major/bin/../lib/gcc/arm-none-eabi/7.2.1/../../../../arm-none-eabi/lib/thumb/v7e-m/fpv4-sp/hard\libnosys.a(_exit.o)
                              c:/tools/gcc7_2017-q4-major/bin/../lib/gcc/arm-none-eabi/7.2.1/../../../../arm-none-eabi/lib/thumb/v7e-m/fpv4-sp/hard\libc_nano.a(lib_a-exit.o) (_exit)

Discarded input sections

 .text          0x00000000        0x0 c:/tools/gcc7_2017-q4-major/bin/../lib/gcc/arm-none-eabi/7.2.1/thumb/v7e-m/fpv4-sp/hard/crti.o
 .data          0x00000000        0x0 c:/tools/gcc7_2017-q4-major/bin/../lib/gcc/arm-none-eabi/7.2.1/thumb/v7e-m/fpv4-sp/hard/crti.o
 .bss           0x00000000        0x0 c:/tools/gcc7_2017-q4-major/bin/../lib/gcc/arm-none-eabi/7.2.1/thumb/v7e-m/fpv4-sp/hard/crti.o
 .data          0x00000000        0x4 c:/tools/gcc7_2017-q4-major/bin/../lib/gcc/arm-none-eabi/7.2.1/thumb/v7e-m/fpv4-sp/hard/crtbegin.o
 .text          0x00000000       0x74 c:/tools/gcc7_2017-q4-major/bin/../lib/gcc/arm-none-eabi/7.2.1/../../../../arm-none-eabi/lib/thumb/v7e-m/fpv4-sp/hard/crt0.o
 .data          0x00000000        0x0 c:/tools/gcc7_2017-q4-major/bin/../lib/gcc/arm-none-eabi/7.2.1/../../../../arm-none-eabi/lib/thumb/v7e-m/fpv4-sp/hard/crt0.o
 .bss           0x00000000        0x0 c:/tools/gcc7_2017-q4-major/bin/../lib/gcc/arm-none-eabi/7.2.1/../../../../arm-none-eabi/lib/thumb/v7e-m/fpv4-sp/hard/crt0.o
 .ARM.extab     0x00000000        0x0 c:/tools/gcc7_2017-q4-major/bin/../lib/gcc/arm-none-eabi/7.2.1/../../../../arm-none-eabi/lib/thumb/v7e-m/fpv4-sp/hard/crt0.o
 .ARM.exidx     0x00000000        0x8 c:/tools/gcc7_2017-q4-major/bin/../lib/gcc/arm-none-eabi/7.2.1/../../../../arm-none-eabi/lib/thumb/v7e-m/fpv4-sp/hard/crt0.o
 .ARM.attributes
                0x00000000       0x20 c:/tools/gcc7_2017-q4-major/bin/../lib/gcc/arm-none-eabi/7.2.1/../../../../arm-none-eabi/lib/thumb/v7e-m/fpv4-sp/hard/crt0.o
 .text          0x00000000        0x0 build/main.o
 .data          0x00000000        0x0 build/main.o
 .bss           0x00000000        0x0 build/main.o
 .bss.times     0x00000000        0x1 build/main.o
 .text          0x00000000        0x0 build/stm32f4xx_it.o
 .data          0x00000000        0x0 build/stm32f4xx_it.o
 .bss           0x00000000        0x0 build/stm32f4xx_it.o
 .text.init_interrupt
                0x00000000       0x70 build/stm32f4xx_it.o
 .bss.led_state
                0x00000000        0x4 build/stm32f4xx_it.o
 .text          0x00000000        0x0 build/clock.o
 .data          0x00000000        0x0 build/clock.o
 .bss           0x00000000        0x0 build/clock.o
 .text          0x00000000        0x0 build/uart.o
 .data          0x00000000        0x0 build/uart.o
 .bss           0x00000000        0x0 build/uart.o
 .text.uart_init
                0x00000000       0x94 build/uart.o
 .text.usart_send_byte
                0x00000000       0x20 build/uart.o
 .text.usart_send_string
                0x00000000       0x16 build/uart.o
 .debug_info    0x00000000      0x15c build/uart.o
 .debug_abbrev  0x00000000       0xfc build/uart.o
 .debug_loc     0x00000000      0x226 build/uart.o
 .debug_aranges
                0x00000000       0x30 build/uart.o
 .debug_ranges  0x00000000       0x20 build/uart.o
 .debug_line    0x00000000       0x98 build/uart.o
 .debug_str     0x00000000      0x18e build/uart.o
 .comment       0x00000000       0x7f build/uart.o
 .debug_frame   0x00000000       0x5c build/uart.o
 .ARM.attributes
                0x00000000       0x39 build/uart.o
 .text          0x00000000        0x0 build/gpio.o
 .data          0x00000000        0x0 build/gpio.o
 .bss           0x00000000        0x0 build/gpio.o
 .text.led_on   0x00000000        0x4 build/gpio.o
 .text.led_off  0x00000000        0x6 build/gpio.o
 .text          0x00000000        0x0 build/systick.o
 .data          0x00000000        0x0 build/systick.o
 .bss           0x00000000        0x0 build/systick.o
 .text          0x00000000       0x14 build/startup_stm32f411xe.o
 .data          0x00000000        0x0 build/startup_stm32f411xe.o
 .bss           0x00000000        0x0 build/startup_stm32f411xe.o
 .text          0x00000000        0x0 c:/tools/gcc7_2017-q4-major/bin/../lib/gcc/arm-none-eabi/7.2.1/../../../../arm-none-eabi/lib/thumb/v7e-m/fpv4-sp/hard\libc_nano.a(lib_a-exit.o)
 .data          0x00000000        0x0 c:/tools/gcc7_2017-q4-major/bin/../lib/gcc/arm-none-eabi/7.2.1/../../../../arm-none-eabi/lib/thumb/v7e-m/fpv4-sp/hard\libc_nano.a(lib_a-exit.o)
 .bss           0x00000000        0x0 c:/tools/gcc7_2017-q4-major/bin/../lib/gcc/arm-none-eabi/7.2.1/../../../../arm-none-eabi/lib/thumb/v7e-m/fpv4-sp/hard\libc_nano.a(lib_a-exit.o)
 .text.exit     0x00000000       0x28 c:/tools/gcc7_2017-q4-major/bin/../lib/gcc/arm-none-eabi/7.2.1/../../../../arm-none-eabi/lib/thumb/v7e-m/fpv4-sp/hard\libc_nano.a(lib_a-exit.o)
 .debug_frame   0x00000000       0x28 c:/tools/gcc7_2017-q4-major/bin/../lib/gcc/arm-none-eabi/7.2.1/../../../../arm-none-eabi/lib/thumb/v7e-m/fpv4-sp/hard\libc_nano.a(lib_a-exit.o)
 .ARM.attributes
                0x00000000       0x34 c:/tools/gcc7_2017-q4-major/bin/../lib/gcc/arm-none-eabi/7.2.1/../../../../arm-none-eabi/lib/thumb/v7e-m/fpv4-sp/hard\libc_nano.a(lib_a-exit.o)
 .text          0x00000000        0x0 c:/tools/gcc7_2017-q4-major/bin/../lib/gcc/arm-none-eabi/7.2.1/../../../../arm-none-eabi/lib/thumb/v7e-m/fpv4-sp/hard\libc_nano.a(lib_a-impure.o)
 .data          0x00000000        0x0 c:/tools/gcc7_2017-q4-major/bin/../lib/gcc/arm-none-eabi/7.2.1/../../../../arm-none-eabi/lib/thumb/v7e-m/fpv4-sp/hard\libc_nano.a(lib_a-impure.o)
 .bss           0x00000000        0x0 c:/tools/gcc7_2017-q4-major/bin/../lib/gcc/arm-none-eabi/7.2.1/../../../../arm-none-eabi/lib/thumb/v7e-m/fpv4-sp/hard\libc_nano.a(lib_a-impure.o)
 .data._impure_ptr
                0x00000000        0x4 c:/tools/gcc7_2017-q4-major/bin/../lib/gcc/arm-none-eabi/7.2.1/../../../../arm-none-eabi/lib/thumb/v7e-m/fpv4-sp/hard\libc_nano.a(lib_a-impure.o)
 .data.impure_data
                0x00000000       0x60 c:/tools/gcc7_2017-q4-major/bin/../lib/gcc/arm-none-eabi/7.2.1/../../../../arm-none-eabi/lib/thumb/v7e-m/fpv4-sp/hard\libc_nano.a(lib_a-impure.o)
 .rodata._global_impure_ptr
                0x00000000        0x4 c:/tools/gcc7_2017-q4-major/bin/../lib/gcc/arm-none-eabi/7.2.1/../../../../arm-none-eabi/lib/thumb/v7e-m/fpv4-sp/hard\libc_nano.a(lib_a-impure.o)
 .ARM.attributes
                0x00000000       0x34 c:/tools/gcc7_2017-q4-major/bin/../lib/gcc/arm-none-eabi/7.2.1/../../../../arm-none-eabi/lib/thumb/v7e-m/fpv4-sp/hard\libc_nano.a(lib_a-impure.o)
 .text          0x00000000        0x0 c:/tools/gcc7_2017-q4-major/bin/../lib/gcc/arm-none-eabi/7.2.1/../../../../arm-none-eabi/lib/thumb/v7e-m/fpv4-sp/hard\libc_nano.a(lib_a-init.o)
 .data          0x00000000        0x0 c:/tools/gcc7_2017-q4-major/bin/../lib/gcc/arm-none-eabi/7.2.1/../../../../arm-none-eabi/lib/thumb/v7e-m/fpv4-sp/hard\libc_nano.a(lib_a-init.o)
 .bss           0x00000000        0x0 c:/tools/gcc7_2017-q4-major/bin/../lib/gcc/arm-none-eabi/7.2.1/../../../../arm-none-eabi/lib/thumb/v7e-m/fpv4-sp/hard\libc_nano.a(lib_a-init.o)
 .text          0x00000000        0x0 c:/tools/gcc7_2017-q4-major/bin/../lib/gcc/arm-none-eabi/7.2.1/../../../../arm-none-eabi/lib/thumb/v7e-m/fpv4-sp/hard\libc_nano.a(lib_a-memset.o)
 .data          0x00000000        0x0 c:/tools/gcc7_2017-q4-major/bin/../lib/gcc/arm-none-eabi/7.2.1/../../../../arm-none-eabi/lib/thumb/v7e-m/fpv4-sp/hard\libc_nano.a(lib_a-memset.o)
 .bss           0x00000000        0x0 c:/tools/gcc7_2017-q4-major/bin/../lib/gcc/arm-none-eabi/7.2.1/../../../../arm-none-eabi/lib/thumb/v7e-m/fpv4-sp/hard\libc_nano.a(lib_a-memset.o)
 .text.memset   0x00000000       0x10 c:/tools/gcc7_2017-q4-major/bin/../lib/gcc/arm-none-eabi/7.2.1/../../../../arm-none-eabi/lib/thumb/v7e-m/fpv4-sp/hard\libc_nano.a(lib_a-memset.o)
 .debug_frame   0x00000000       0x20 c:/tools/gcc7_2017-q4-major/bin/../lib/gcc/arm-none-eabi/7.2.1/../../../../arm-none-eabi/lib/thumb/v7e-m/fpv4-sp/hard\libc_nano.a(lib_a-memset.o)
 .ARM.attributes
                0x00000000       0x34 c:/tools/gcc7_2017-q4-major/bin/../lib/gcc/arm-none-eabi/7.2.1/../../../../arm-none-eabi/lib/thumb/v7e-m/fpv4-sp/hard\libc_nano.a(lib_a-memset.o)
 .text          0x00000000        0x0 c:/tools/gcc7_2017-q4-major/bin/../lib/gcc/arm-none-eabi/7.2.1/../../../../arm-none-eabi/lib/thumb/v7e-m/fpv4-sp/hard\libnosys.a(_exit.o)
 .data          0x00000000        0x0 c:/tools/gcc7_2017-q4-major/bin/../lib/gcc/arm-none-eabi/7.2.1/../../../../arm-none-eabi/lib/thumb/v7e-m/fpv4-sp/hard\libnosys.a(_exit.o)
 .bss           0x00000000        0x0 c:/tools/gcc7_2017-q4-major/bin/../lib/gcc/arm-none-eabi/7.2.1/../../../../arm-none-eabi/lib/thumb/v7e-m/fpv4-sp/hard\libnosys.a(_exit.o)
 .text._exit    0x00000000        0x4 c:/tools/gcc7_2017-q4-major/bin/../lib/gcc/arm-none-eabi/7.2.1/../../../../arm-none-eabi/lib/thumb/v7e-m/fpv4-sp/hard\libnosys.a(_exit.o)
 .debug_frame   0x00000000       0x20 c:/tools/gcc7_2017-q4-major/bin/../lib/gcc/arm-none-eabi/7.2.1/../../../../arm-none-eabi/lib/thumb/v7e-m/fpv4-sp/hard\libnosys.a(_exit.o)
 .ARM.attributes
                0x00000000       0x34 c:/tools/gcc7_2017-q4-major/bin/../lib/gcc/arm-none-eabi/7.2.1/../../../../arm-none-eabi/lib/thumb/v7e-m/fpv4-sp/hard\libnosys.a(_exit.o)
 .text          0x00000000        0x0 c:/tools/gcc7_2017-q4-major/bin/../lib/gcc/arm-none-eabi/7.2.1/thumb/v7e-m/fpv4-sp/hard/crtend.o
 .data          0x00000000        0x0 c:/tools/gcc7_2017-q4-major/bin/../lib/gcc/arm-none-eabi/7.2.1/thumb/v7e-m/fpv4-sp/hard/crtend.o
 .bss           0x00000000        0x0 c:/tools/gcc7_2017-q4-major/bin/../lib/gcc/arm-none-eabi/7.2.1/thumb/v7e-m/fpv4-sp/hard/crtend.o
 .eh_frame      0x00000000        0x4 c:/tools/gcc7_2017-q4-major/bin/../lib/gcc/arm-none-eabi/7.2.1/thumb/v7e-m/fpv4-sp/hard/crtend.o
 .ARM.attributes
                0x00000000       0x34 c:/tools/gcc7_2017-q4-major/bin/../lib/gcc/arm-none-eabi/7.2.1/thumb/v7e-m/fpv4-sp/hard/crtend.o
 .text          0x00000000        0x0 c:/tools/gcc7_2017-q4-major/bin/../lib/gcc/arm-none-eabi/7.2.1/thumb/v7e-m/fpv4-sp/hard/crtn.o
 .data          0x00000000        0x0 c:/tools/gcc7_2017-q4-major/bin/../lib/gcc/arm-none-eabi/7.2.1/thumb/v7e-m/fpv4-sp/hard/crtn.o
 .bss           0x00000000        0x0 c:/tools/gcc7_2017-q4-major/bin/../lib/gcc/arm-none-eabi/7.2.1/thumb/v7e-m/fpv4-sp/hard/crtn.o

Memory Configuration

Name             Origin             Length             Attributes
RAM              0x20000000         0x00020000         xrw
FLASH            0x08000000         0x00080000         xr
*default*        0x00000000         0xffffffff

Linker script and memory map

LOAD c:/tools/gcc7_2017-q4-major/bin/../lib/gcc/arm-none-eabi/7.2.1/thumb/v7e-m/fpv4-sp/hard/crti.o
LOAD c:/tools/gcc7_2017-q4-major/bin/../lib/gcc/arm-none-eabi/7.2.1/thumb/v7e-m/fpv4-sp/hard/crtbegin.o
LOAD c:/tools/gcc7_2017-q4-major/bin/../lib/gcc/arm-none-eabi/7.2.1/../../../../arm-none-eabi/lib/thumb/v7e-m/fpv4-sp/hard/crt0.o
LOAD build/main.o
LOAD build/stm32f4xx_it.o
LOAD build/clock.o
LOAD build/uart.o
LOAD build/gpio.o
LOAD build/systick.o
LOAD build/startup_stm32f411xe.o
LOAD c:/tools/gcc7_2017-q4-major/bin/../lib/gcc/arm-none-eabi/7.2.1/../../../../arm-none-eabi/lib/thumb/v7e-m/fpv4-sp/hard\libc_nano.a
LOAD c:/tools/gcc7_2017-q4-major/bin/../lib/gcc/arm-none-eabi/7.2.1/../../../../arm-none-eabi/lib/thumb/v7e-m/fpv4-sp/hard\libm.a
LOAD c:/tools/gcc7_2017-q4-major/bin/../lib/gcc/arm-none-eabi/7.2.1/../../../../arm-none-eabi/lib/thumb/v7e-m/fpv4-sp/hard\libnosys.a
START GROUP
LOAD c:/tools/gcc7_2017-q4-major/bin/../lib/gcc/arm-none-eabi/7.2.1/thumb/v7e-m/fpv4-sp/hard\libgcc.a
LOAD c:/tools/gcc7_2017-q4-major/bin/../lib/gcc/arm-none-eabi/7.2.1/../../../../arm-none-eabi/lib/thumb/v7e-m/fpv4-sp/hard\libc_nano.a
END GROUP
START GROUP
LOAD c:/tools/gcc7_2017-q4-major/bin/../lib/gcc/arm-none-eabi/7.2.1/thumb/v7e-m/fpv4-sp/hard\libgcc.a
LOAD c:/tools/gcc7_2017-q4-major/bin/../lib/gcc/arm-none-eabi/7.2.1/../../../../arm-none-eabi/lib/thumb/v7e-m/fpv4-sp/hard\libc_nano.a
END GROUP
LOAD c:/tools/gcc7_2017-q4-major/bin/../lib/gcc/arm-none-eabi/7.2.1/thumb/v7e-m/fpv4-sp/hard/crtend.o
LOAD c:/tools/gcc7_2017-q4-major/bin/../lib/gcc/arm-none-eabi/7.2.1/thumb/v7e-m/fpv4-sp/hard/crtn.o
                0x20020000                _estack = 0x20020000
                0x00000200                _Min_Heap_Size = 0x200
                0x00000400                _Min_Stack_Size = 0x400

.isr_vector     0x08000000      0x198
                0x08000000                . = ALIGN (0x4)
 *(.isr_vector)
 .isr_vector    0x08000000      0x198 build/startup_stm32f411xe.o
                0x08000000                g_pfnVectors
                0x08000198                . = ALIGN (0x4)

.text           0x08000198      0x458
                0x08000198                . = ALIGN (0x4)
 *(.text)
 .text          0x08000198       0x40 c:/tools/gcc7_2017-q4-major/bin/../lib/gcc/arm-none-eabi/7.2.1/thumb/v7e-m/fpv4-sp/hard/crtbegin.o
 *(.text*)
 .text.delay    0x080001d8       0x1c build/main.o
                0x080001d8                delay
 .text.main     0x080001f4       0x2c build/main.o
                0x080001f4                main
 .text.TIM2_IRQHandler
                0x08000220       0x2c build/stm32f4xx_it.o
                0x08000220                TIM2_IRQHandler
 .text.EXTI1_IRQHandler
                0x0800024c       0x20 build/stm32f4xx_it.o
                0x0800024c                EXTI1_IRQHandler
 .text.EXTI0_IRQHandler
                0x0800026c       0x28 build/stm32f4xx_it.o
                0x0800026c                EXTI0_IRQHandler
 .text.USART1_IRQHandler
                0x08000294       0x40 build/stm32f4xx_it.o
                0x08000294                USART1_IRQHandler
 .text.NMI_Handler
                0x080002d4        0x2 build/stm32f4xx_it.o
                0x080002d4                NMI_Handler
 .text.HardFault_Handler
                0x080002d6        0x2 build/stm32f4xx_it.o
                0x080002d6                HardFault_Handler
 .text.MemManage_Handler
                0x080002d8        0x2 build/stm32f4xx_it.o
                0x080002d8                MemManage_Handler
 .text.BusFault_Handler
                0x080002da        0x2 build/stm32f4xx_it.o
                0x080002da                BusFault_Handler
 .text.UsageFault_Handler
                0x080002dc        0x2 build/stm32f4xx_it.o
                0x080002dc                UsageFault_Handler
 .text.SVC_Handler
                0x080002de        0x2 build/stm32f4xx_it.o
                0x080002de                SVC_Handler
 .text.DebugMon_Handler
                0x080002e0        0x2 build/stm32f4xx_it.o
                0x080002e0                DebugMon_Handler
 .text.PendSV_Handler
                0x080002e2        0x2 build/stm32f4xx_it.o
                0x080002e2                PendSV_Handler
 .text.SysTick_Handler
                0x080002e4        0x2 build/stm32f4xx_it.o
                0x080002e4                SysTick_Handler
 *fill*         0x080002e6        0x2 
 .text.system_init
                0x080002e8      0x158 build/clock.o
                0x080002e8                system_init
 .text.rcc_enableclk
                0x08000440       0x10 build/clock.o
                0x08000440                rcc_enableclk
 .text.init_pin
                0x08000450       0x34 build/gpio.o
                0x08000450                init_pin
 .text.GPIO_TongglePin
                0x08000484       0x14 build/gpio.o
                0x08000484                GPIO_TongglePin
 .text.timer2_init
                0x08000498       0x8c build/systick.o
                0x08000498                timer2_init
 .text.timer2_start
                0x08000524       0x1c build/systick.o
                0x08000524                timer2_start
 .text.Reset_Handler
                0x08000540       0x4c build/startup_stm32f411xe.o
                0x08000540                Reset_Handler
 .text.Default_Handler
                0x0800058c        0x2 build/startup_stm32f411xe.o
                0x0800058c                RTC_Alarm_IRQHandler
                0x0800058c                EXTI2_IRQHandler
                0x0800058c                SPI4_IRQHandler
                0x0800058c                TIM1_CC_IRQHandler
                0x0800058c                DMA2_Stream5_IRQHandler
                0x0800058c                DMA1_Stream5_IRQHandler
                0x0800058c                PVD_IRQHandler
                0x0800058c                SDIO_IRQHandler
                0x0800058c                TAMP_STAMP_IRQHandler
                0x0800058c                EXTI3_IRQHandler
                0x0800058c                TIM1_UP_TIM10_IRQHandler
                0x0800058c                I2C3_ER_IRQHandler
                0x0800058c                I2C2_EV_IRQHandler
                0x0800058c                DMA1_Stream2_IRQHandler
                0x0800058c                FPU_IRQHandler
                0x0800058c                DMA2_Stream2_IRQHandler
                0x0800058c                SPI1_IRQHandler
                0x0800058c                TIM1_BRK_TIM9_IRQHandler
                0x0800058c                DMA2_Stream3_IRQHandler
                0x0800058c                USART6_IRQHandler
                0x0800058c                DMA2_Stream0_IRQHandler
                0x0800058c                TIM4_IRQHandler
                0x0800058c                I2C1_EV_IRQHandler
                0x0800058c                DMA1_Stream6_IRQHandler
                0x0800058c                DMA1_Stream1_IRQHandler
                0x0800058c                TIM3_IRQHandler
                0x0800058c                RCC_IRQHandler
                0x0800058c                Default_Handler
                0x0800058c                EXTI15_10_IRQHandler
                0x0800058c                ADC_IRQHandler
                0x0800058c                DMA1_Stream7_IRQHandler
                0x0800058c                SPI5_IRQHandler
                0x0800058c                TIM5_IRQHandler
                0x0800058c                DMA2_Stream7_IRQHandler
                0x0800058c                I2C3_EV_IRQHandler
                0x0800058c                EXTI9_5_IRQHandler
                0x0800058c                RTC_WKUP_IRQHandler
                0x0800058c                SPI2_IRQHandler
                0x0800058c                DMA1_Stream0_IRQHandler
                0x0800058c                EXTI4_IRQHandler
                0x0800058c                WWDG_IRQHandler
                0x0800058c                OTG_FS_WKUP_IRQHandler
                0x0800058c                TIM1_TRG_COM_TIM11_IRQHandler
                0x0800058c                USART2_IRQHandler
                0x0800058c                I2C2_ER_IRQHandler
                0x0800058c                DMA2_Stream1_IRQHandler
                0x0800058c                FLASH_IRQHandler
                0x0800058c                DMA2_Stream4_IRQHandler
                0x0800058c                OTG_FS_IRQHandler
                0x0800058c                SPI3_IRQHandler
                0x0800058c                DMA1_Stream4_IRQHandler
                0x0800058c                I2C1_ER_IRQHandler
                0x0800058c                DMA2_Stream6_IRQHandler
                0x0800058c                DMA1_Stream3_IRQHandler
 *fill*         0x0800058e        0x2 
 .text.__libc_init_array
                0x08000590       0x48 c:/tools/gcc7_2017-q4-major/bin/../lib/gcc/arm-none-eabi/7.2.1/../../../../arm-none-eabi/lib/thumb/v7e-m/fpv4-sp/hard\libc_nano.a(lib_a-init.o)
                0x08000590                __libc_init_array
 *(.glue_7)
 .glue_7        0x080005d8        0x0 linker stubs
 *(.glue_7t)
 .glue_7t       0x080005d8        0x0 linker stubs
 *(.eh_frame)
 .eh_frame      0x080005d8        0x0 c:/tools/gcc7_2017-q4-major/bin/../lib/gcc/arm-none-eabi/7.2.1/thumb/v7e-m/fpv4-sp/hard/crtbegin.o
 *(.init)
 .init          0x080005d8        0x4 c:/tools/gcc7_2017-q4-major/bin/../lib/gcc/arm-none-eabi/7.2.1/thumb/v7e-m/fpv4-sp/hard/crti.o
                0x080005d8                _init
 .init          0x080005dc        0x8 c:/tools/gcc7_2017-q4-major/bin/../lib/gcc/arm-none-eabi/7.2.1/thumb/v7e-m/fpv4-sp/hard/crtn.o
 *(.fini)
 .fini          0x080005e4        0x4 c:/tools/gcc7_2017-q4-major/bin/../lib/gcc/arm-none-eabi/7.2.1/thumb/v7e-m/fpv4-sp/hard/crti.o
                0x080005e4                _fini
 .fini          0x080005e8        0x8 c:/tools/gcc7_2017-q4-major/bin/../lib/gcc/arm-none-eabi/7.2.1/thumb/v7e-m/fpv4-sp/hard/crtn.o
                0x080005f0                . = ALIGN (0x4)
                0x080005f0                _etext = .

.vfp11_veneer   0x080005f0        0x0
 .vfp11_veneer  0x080005f0        0x0 linker stubs

.v4_bx          0x080005f0        0x0
 .v4_bx         0x080005f0        0x0 linker stubs

.iplt           0x080005f0        0x0
 .iplt          0x080005f0        0x0 c:/tools/gcc7_2017-q4-major/bin/../lib/gcc/arm-none-eabi/7.2.1/thumb/v7e-m/fpv4-sp/hard/crtbegin.o

.rel.dyn        0x080005f0        0x0
 .rel.iplt      0x080005f0        0x0 c:/tools/gcc7_2017-q4-major/bin/../lib/gcc/arm-none-eabi/7.2.1/thumb/v7e-m/fpv4-sp/hard/crtbegin.o

.rodata         0x080005f0        0x0
                0x080005f0                . = ALIGN (0x4)
 *(.rodata)
 *(.rodata*)
                0x080005f0                . = ALIGN (0x4)

.ARM.extab
 *(.ARM.extab* .gnu.linkonce.armextab.*)

.ARM            0x080005f0        0x0
                0x080005f0                __exidx_start = .
 *(.ARM.exidx*)
                0x080005f0                __exidx_end = .

.preinit_array  0x080005f0        0x0
                0x080005f0                PROVIDE (__preinit_array_start, .)
 *(.preinit_array*)
                0x080005f0                PROVIDE (__preinit_array_end, .)

.init_array     0x080005f0        0x4
                0x080005f0                PROVIDE (__init_array_start, .)
 *(SORT_BY_NAME(.init_array.*))
 *(.init_array*)
 .init_array    0x080005f0        0x4 c:/tools/gcc7_2017-q4-major/bin/../lib/gcc/arm-none-eabi/7.2.1/thumb/v7e-m/fpv4-sp/hard/crtbegin.o
                0x080005f4                PROVIDE (__init_array_end, .)

.fini_array     0x080005f4        0x4
                [!provide]                PROVIDE (__fini_array_start, .)
 *(SORT_BY_NAME(.fini_array.*))
 *(.fini_array*)
 .fini_array    0x080005f4        0x4 c:/tools/gcc7_2017-q4-major/bin/../lib/gcc/arm-none-eabi/7.2.1/thumb/v7e-m/fpv4-sp/hard/crtbegin.o
                [!provide]                PROVIDE (__fini_array_end, .)
                0x080005f8                _sidata = LOADADDR (.data)

.data           0x20000000        0x0 load address 0x080005f8
                0x20000000                . = ALIGN (0x4)
                0x20000000                _sdata = .
 *(.data)
 *(.data*)
                0x20000000                . = ALIGN (0x4)
                0x20000000                _edata = .

.igot.plt       0x20000000        0x0 load address 0x080005f8
 .igot.plt      0x20000000        0x0 c:/tools/gcc7_2017-q4-major/bin/../lib/gcc/arm-none-eabi/7.2.1/thumb/v7e-m/fpv4-sp/hard/crtbegin.o
                0x20000000                . = ALIGN (0x4)

.bss            0x20000000       0x20 load address 0x080005f8
                0x20000000                _sbss = .
                0x20000000                __bss_start__ = _sbss
 *(.bss)
 .bss           0x20000000       0x1c c:/tools/gcc7_2017-q4-major/bin/../lib/gcc/arm-none-eabi/7.2.1/thumb/v7e-m/fpv4-sp/hard/crtbegin.o
 *(.bss*)
 .bss.rx_data   0x2000001c        0x1 build/stm32f4xx_it.o
                0x2000001c                rx_data
 *(COMMON)
                0x20000020                . = ALIGN (0x4)
 *fill*         0x2000001d        0x3 
                0x20000020                _ebss = .
                0x20000020                __bss_end__ = _ebss

._user_heap_stack
                0x20000020      0x600 load address 0x080005f8
                0x20000020                . = ALIGN (0x8)
                [!provide]                PROVIDE (end, .)
                [!provide]                PROVIDE (_end, .)
                0x20000220                . = (. + _Min_Heap_Size)
 *fill*         0x20000020      0x200 
                0x20000620                . = (. + _Min_Stack_Size)
 *fill*         0x20000220      0x400 
                0x20000620                . = ALIGN (0x8)

/DISCARD/
 libc.a(*)
 libm.a(*)
 libgcc.a(*)

.ARM.attributes
                0x00000000       0x30
 *(.ARM.attributes)
 .ARM.attributes
                0x00000000       0x22 c:/tools/gcc7_2017-q4-major/bin/../lib/gcc/arm-none-eabi/7.2.1/thumb/v7e-m/fpv4-sp/hard/crti.o
 .ARM.attributes
                0x00000022       0x34 c:/tools/gcc7_2017-q4-major/bin/../lib/gcc/arm-none-eabi/7.2.1/thumb/v7e-m/fpv4-sp/hard/crtbegin.o
 .ARM.attributes
                0x00000056       0x39 build/main.o
 .ARM.attributes
                0x0000008f       0x39 build/stm32f4xx_it.o
 .ARM.attributes
                0x000000c8       0x39 build/clock.o
 .ARM.attributes
                0x00000101       0x39 build/gpio.o
 .ARM.attributes
                0x0000013a       0x39 build/systick.o
 .ARM.attributes
                0x00000173       0x21 build/startup_stm32f411xe.o
 .ARM.attributes
                0x00000194       0x34 c:/tools/gcc7_2017-q4-major/bin/../lib/gcc/arm-none-eabi/7.2.1/../../../../arm-none-eabi/lib/thumb/v7e-m/fpv4-sp/hard\libc_nano.a(lib_a-init.o)
 .ARM.attributes
                0x000001c8       0x22 c:/tools/gcc7_2017-q4-major/bin/../lib/gcc/arm-none-eabi/7.2.1/thumb/v7e-m/fpv4-sp/hard/crtn.o
OUTPUT(build/timer411.elf elf32-littlearm)

.debug_info     0x00000000      0x6e8
 .debug_info    0x00000000      0x16d build/main.o
 .debug_info    0x0000016d      0x266 build/stm32f4xx_it.o
 .debug_info    0x000003d3      0x11e build/clock.o
 .debug_info    0x000004f1      0x131 build/gpio.o
 .debug_info    0x00000622       0xa4 build/systick.o
 .debug_info    0x000006c6       0x22 build/startup_stm32f411xe.o

.debug_abbrev   0x00000000      0x3da
 .debug_abbrev  0x00000000       0xea build/main.o
 .debug_abbrev  0x000000ea      0x10f build/stm32f4xx_it.o
 .debug_abbrev  0x000001f9       0xa3 build/clock.o
 .debug_abbrev  0x0000029c       0xa5 build/gpio.o
 .debug_abbrev  0x00000341       0x87 build/systick.o
 .debug_abbrev  0x000003c8       0x12 build/startup_stm32f411xe.o

.debug_loc      0x00000000      0x536
 .debug_loc     0x00000000       0x5e build/main.o
 .debug_loc     0x0000005e      0x1a6 build/stm32f4xx_it.o
 .debug_loc     0x00000204      0x12b build/clock.o
 .debug_loc     0x0000032f       0xce build/gpio.o
 .debug_loc     0x000003fd      0x139 build/systick.o

.debug_aranges  0x00000000      0x160
 .debug_aranges
                0x00000000       0x28 build/main.o
 .debug_aranges
                0x00000028       0x88 build/stm32f4xx_it.o
 .debug_aranges
                0x000000b0       0x28 build/clock.o
 .debug_aranges
                0x000000d8       0x38 build/gpio.o
 .debug_aranges
                0x00000110       0x28 build/systick.o
 .debug_aranges
                0x00000138       0x28 build/startup_stm32f411xe.o

.debug_ranges   0x00000000      0x108
 .debug_ranges  0x00000000       0x18 build/main.o
 .debug_ranges  0x00000018       0x78 build/stm32f4xx_it.o
 .debug_ranges  0x00000090       0x18 build/clock.o
 .debug_ranges  0x000000a8       0x28 build/gpio.o
 .debug_ranges  0x000000d0       0x18 build/systick.o
 .debug_ranges  0x000000e8       0x20 build/startup_stm32f411xe.o

.debug_line     0x00000000      0x42e
 .debug_line    0x00000000       0xa4 build/main.o
 .debug_line    0x000000a4      0x162 build/stm32f4xx_it.o
 .debug_line    0x00000206       0xa0 build/clock.o
 .debug_line    0x000002a6       0x8f build/gpio.o
 .debug_line    0x00000335       0x86 build/systick.o
 .debug_line    0x000003bb       0x73 build/startup_stm32f411xe.o

.debug_str      0x00000000      0x33f
 .debug_str     0x00000000      0x156 build/main.o
                                0x168 (size before relaxing)
 .debug_str     0x00000156      0x130 build/stm32f4xx_it.o
                                0x239 (size before relaxing)
 .debug_str     0x00000286       0x4c build/clock.o
                                0x17a (size before relaxing)
 .debug_str     0x000002d2       0x34 build/gpio.o
                                0x16b (size before relaxing)
 .debug_str     0x00000306       0x14 build/systick.o
                                0x139 (size before relaxing)
 .debug_str     0x0000031a       0x25 build/startup_stm32f411xe.o
                                 0x4c (size before relaxing)

.comment        0x00000000       0x7e
 .comment       0x00000000       0x7e build/main.o
                                 0x7f (size before relaxing)
 .comment       0x0000007e       0x7f build/stm32f4xx_it.o
 .comment       0x0000007e       0x7f build/clock.o
 .comment       0x0000007e       0x7f build/gpio.o
 .comment       0x0000007e       0x7f build/systick.o

.debug_frame    0x00000000      0x250
 .debug_frame   0x00000000       0x3c build/main.o
 .debug_frame   0x0000003c      0x11c build/stm32f4xx_it.o
 .debug_frame   0x00000158       0x4c build/clock.o
 .debug_frame   0x000001a4       0x50 build/gpio.o
 .debug_frame   0x000001f4       0x30 build/systick.o
 .debug_frame   0x00000224       0x2c c:/tools/gcc7_2017-q4-major/bin/../lib/gcc/arm-none-eabi/7.2.1/../../../../arm-none-eabi/lib/thumb/v7e-m/fpv4-sp/hard\libc_nano.a(lib_a-init.o)

Cross Reference Table

Symbol                                            File
ADC_IRQHandler                                    build/startup_stm32f411xe.o
BusFault_Handler                                  build/stm32f4xx_it.o
DMA1_Stream0_IRQHandler                           build/startup_stm32f411xe.o
DMA1_Stream1_IRQHandler                           build/startup_stm32f411xe.o
DMA1_Stream2_IRQHandler                           build/startup_stm32f411xe.o
DMA1_Stream3_IRQHandler                           build/startup_stm32f411xe.o
DMA1_Stream4_IRQHandler                           build/startup_stm32f411xe.o
DMA1_Stream5_IRQHandler                           build/startup_stm32f411xe.o
DMA1_Stream6_IRQHandler                           build/startup_stm32f411xe.o
DMA1_Stream7_IRQHandler                           build/startup_stm32f411xe.o
DMA2_Stream0_IRQHandler                           build/startup_stm32f411xe.o
DMA2_Stream1_IRQHandler                           build/startup_stm32f411xe.o
DMA2_Stream2_IRQHandler                           build/startup_stm32f411xe.o
DMA2_Stream3_IRQHandler                           build/startup_stm32f411xe.o
DMA2_Stream4_IRQHandler                           build/startup_stm32f411xe.o
DMA2_Stream5_IRQHandler                           build/startup_stm32f411xe.o
DMA2_Stream6_IRQHandler                           build/startup_stm32f411xe.o
DMA2_Stream7_IRQHandler                           build/startup_stm32f411xe.o
DebugMon_Handler                                  build/stm32f4xx_it.o
Default_Handler                                   build/startup_stm32f411xe.o
EXTI0_IRQHandler                                  build/stm32f4xx_it.o
EXTI15_10_IRQHandler                              build/startup_stm32f411xe.o
EXTI1_IRQHandler                                  build/stm32f4xx_it.o
EXTI2_IRQHandler                                  build/startup_stm32f411xe.o
EXTI3_IRQHandler                                  build/startup_stm32f411xe.o
EXTI4_IRQHandler                                  build/startup_stm32f411xe.o
EXTI9_5_IRQHandler                                build/startup_stm32f411xe.o
FLASH_IRQHandler                                  build/startup_stm32f411xe.o
FPU_IRQHandler                                    build/startup_stm32f411xe.o
GPIO_TongglePin                                   build/gpio.o
                                                  build/stm32f4xx_it.o
HardFault_Handler                                 build/stm32f4xx_it.o
I2C1_ER_IRQHandler                                build/startup_stm32f411xe.o
I2C1_EV_IRQHandler                                build/startup_stm32f411xe.o
I2C2_ER_IRQHandler                                build/startup_stm32f411xe.o
I2C2_EV_IRQHandler                                build/startup_stm32f411xe.o
I2C3_ER_IRQHandler                                build/startup_stm32f411xe.o
I2C3_EV_IRQHandler                                build/startup_stm32f411xe.o
MemManage_Handler                                 build/stm32f4xx_it.o
NMI_Handler                                       build/stm32f4xx_it.o
OTG_FS_IRQHandler                                 build/startup_stm32f411xe.o
OTG_FS_WKUP_IRQHandler                            build/startup_stm32f411xe.o
PVD_IRQHandler                                    build/startup_stm32f411xe.o
PendSV_Handler                                    build/stm32f4xx_it.o
RCC_IRQHandler                                    build/startup_stm32f411xe.o
RTC_Alarm_IRQHandler                              build/startup_stm32f411xe.o
RTC_WKUP_IRQHandler                               build/startup_stm32f411xe.o
Reset_Handler                                     build/startup_stm32f411xe.o
SDIO_IRQHandler                                   build/startup_stm32f411xe.o
SPI1_IRQHandler                                   build/startup_stm32f411xe.o
SPI2_IRQHandler                                   build/startup_stm32f411xe.o
SPI3_IRQHandler                                   build/startup_stm32f411xe.o
SPI4_IRQHandler                                   build/startup_stm32f411xe.o
SPI5_IRQHandler                                   build/startup_stm32f411xe.o
SVC_Handler                                       build/stm32f4xx_it.o
SysTick_Handler                                   build/stm32f4xx_it.o
TAMP_STAMP_IRQHandler                             build/startup_stm32f411xe.o
TIM1_BRK_TIM9_IRQHandler                          build/startup_stm32f411xe.o
TIM1_CC_IRQHandler                                build/startup_stm32f411xe.o
TIM1_TRG_COM_TIM11_IRQHandler                     build/startup_stm32f411xe.o
TIM1_UP_TIM10_IRQHandler                          build/startup_stm32f411xe.o
TIM2_IRQHandler                                   build/stm32f4xx_it.o
TIM3_IRQHandler                                   build/startup_stm32f411xe.o
TIM4_IRQHandler                                   build/startup_stm32f411xe.o
TIM5_IRQHandler                                   build/startup_stm32f411xe.o
USART1_IRQHandler                                 build/stm32f4xx_it.o
USART2_IRQHandler                                 build/startup_stm32f411xe.o
USART6_IRQHandler                                 build/startup_stm32f411xe.o
UsageFault_Handler                                build/stm32f4xx_it.o
WWDG_IRQHandler                                   build/startup_stm32f411xe.o
__bss_end__                                       c:/tools/gcc7_2017-q4-major/bin/../lib/gcc/arm-none-eabi/7.2.1/../../../../arm-none-eabi/lib/thumb/v7e-m/fpv4-sp/hard/crt0.o
__bss_start__                                     c:/tools/gcc7_2017-q4-major/bin/../lib/gcc/arm-none-eabi/7.2.1/../../../../arm-none-eabi/lib/thumb/v7e-m/fpv4-sp/hard/crt0.o
__call_exitprocs                                  c:/tools/gcc7_2017-q4-major/bin/../lib/gcc/arm-none-eabi/7.2.1/../../../../arm-none-eabi/lib/thumb/v7e-m/fpv4-sp/hard\libc_nano.a(lib_a-exit.o)
__deregister_frame_info                           c:/tools/gcc7_2017-q4-major/bin/../lib/gcc/arm-none-eabi/7.2.1/thumb/v7e-m/fpv4-sp/hard/crtbegin.o
__dso_handle                                      c:/tools/gcc7_2017-q4-major/bin/../lib/gcc/arm-none-eabi/7.2.1/thumb/v7e-m/fpv4-sp/hard/crtbegin.o
__init_array_end                                  c:/tools/gcc7_2017-q4-major/bin/../lib/gcc/arm-none-eabi/7.2.1/../../../../arm-none-eabi/lib/thumb/v7e-m/fpv4-sp/hard\libc_nano.a(lib_a-init.o)
__init_array_start                                c:/tools/gcc7_2017-q4-major/bin/../lib/gcc/arm-none-eabi/7.2.1/../../../../arm-none-eabi/lib/thumb/v7e-m/fpv4-sp/hard\libc_nano.a(lib_a-init.o)
__libc_fini_array                                 c:/tools/gcc7_2017-q4-major/bin/../lib/gcc/arm-none-eabi/7.2.1/../../../../arm-none-eabi/lib/thumb/v7e-m/fpv4-sp/hard/crt0.o
__libc_init_array                                 c:/tools/gcc7_2017-q4-major/bin/../lib/gcc/arm-none-eabi/7.2.1/../../../../arm-none-eabi/lib/thumb/v7e-m/fpv4-sp/hard\libc_nano.a(lib_a-init.o)
                                                  build/startup_stm32f411xe.o
                                                  c:/tools/gcc7_2017-q4-major/bin/../lib/gcc/arm-none-eabi/7.2.1/../../../../arm-none-eabi/lib/thumb/v7e-m/fpv4-sp/hard/crt0.o
__preinit_array_end                               c:/tools/gcc7_2017-q4-major/bin/../lib/gcc/arm-none-eabi/7.2.1/../../../../arm-none-eabi/lib/thumb/v7e-m/fpv4-sp/hard\libc_nano.a(lib_a-init.o)
__preinit_array_start                             c:/tools/gcc7_2017-q4-major/bin/../lib/gcc/arm-none-eabi/7.2.1/../../../../arm-none-eabi/lib/thumb/v7e-m/fpv4-sp/hard\libc_nano.a(lib_a-init.o)
__register_frame_info                             c:/tools/gcc7_2017-q4-major/bin/../lib/gcc/arm-none-eabi/7.2.1/thumb/v7e-m/fpv4-sp/hard/crtbegin.o
__sf_fake_stderr                                  c:/tools/gcc7_2017-q4-major/bin/../lib/gcc/arm-none-eabi/7.2.1/../../../../arm-none-eabi/lib/thumb/v7e-m/fpv4-sp/hard\libc_nano.a(lib_a-impure.o)
__sf_fake_stdin                                   c:/tools/gcc7_2017-q4-major/bin/../lib/gcc/arm-none-eabi/7.2.1/../../../../arm-none-eabi/lib/thumb/v7e-m/fpv4-sp/hard\libc_nano.a(lib_a-impure.o)
__sf_fake_stdout                                  c:/tools/gcc7_2017-q4-major/bin/../lib/gcc/arm-none-eabi/7.2.1/../../../../arm-none-eabi/lib/thumb/v7e-m/fpv4-sp/hard\libc_nano.a(lib_a-impure.o)
__stack                                           c:/tools/gcc7_2017-q4-major/bin/../lib/gcc/arm-none-eabi/7.2.1/../../../../arm-none-eabi/lib/thumb/v7e-m/fpv4-sp/hard/crt0.o
_ebss                                             build/startup_stm32f411xe.o
_edata                                            build/startup_stm32f411xe.o
_estack                                           build/startup_stm32f411xe.o
_exit                                             c:/tools/gcc7_2017-q4-major/bin/../lib/gcc/arm-none-eabi/7.2.1/../../../../arm-none-eabi/lib/thumb/v7e-m/fpv4-sp/hard\libnosys.a(_exit.o)
                                                  c:/tools/gcc7_2017-q4-major/bin/../lib/gcc/arm-none-eabi/7.2.1/../../../../arm-none-eabi/lib/thumb/v7e-m/fpv4-sp/hard\libc_nano.a(lib_a-exit.o)
_fini                                             c:/tools/gcc7_2017-q4-major/bin/../lib/gcc/arm-none-eabi/7.2.1/thumb/v7e-m/fpv4-sp/hard/crti.o
_global_impure_ptr                                c:/tools/gcc7_2017-q4-major/bin/../lib/gcc/arm-none-eabi/7.2.1/../../../../arm-none-eabi/lib/thumb/v7e-m/fpv4-sp/hard\libc_nano.a(lib_a-impure.o)
                                                  c:/tools/gcc7_2017-q4-major/bin/../lib/gcc/arm-none-eabi/7.2.1/../../../../arm-none-eabi/lib/thumb/v7e-m/fpv4-sp/hard\libc_nano.a(lib_a-exit.o)
_impure_ptr                                       c:/tools/gcc7_2017-q4-major/bin/../lib/gcc/arm-none-eabi/7.2.1/../../../../arm-none-eabi/lib/thumb/v7e-m/fpv4-sp/hard\libc_nano.a(lib_a-impure.o)
_init                                             c:/tools/gcc7_2017-q4-major/bin/../lib/gcc/arm-none-eabi/7.2.1/thumb/v7e-m/fpv4-sp/hard/crti.o
                                                  c:/tools/gcc7_2017-q4-major/bin/../lib/gcc/arm-none-eabi/7.2.1/../../../../arm-none-eabi/lib/thumb/v7e-m/fpv4-sp/hard\libc_nano.a(lib_a-init.o)
_mainCRTStartup                                   c:/tools/gcc7_2017-q4-major/bin/../lib/gcc/arm-none-eabi/7.2.1/../../../../arm-none-eabi/lib/thumb/v7e-m/fpv4-sp/hard/crt0.o
_sbss                                             build/startup_stm32f411xe.o
_sdata                                            build/startup_stm32f411xe.o
_sidata                                           build/startup_stm32f411xe.o
_start                                            c:/tools/gcc7_2017-q4-major/bin/../lib/gcc/arm-none-eabi/7.2.1/../../../../arm-none-eabi/lib/thumb/v7e-m/fpv4-sp/hard/crt0.o
atexit                                            c:/tools/gcc7_2017-q4-major/bin/../lib/gcc/arm-none-eabi/7.2.1/../../../../arm-none-eabi/lib/thumb/v7e-m/fpv4-sp/hard/crt0.o
delay                                             build/main.o
                                                  build/stm32f4xx_it.o
exit                                              c:/tools/gcc7_2017-q4-major/bin/../lib/gcc/arm-none-eabi/7.2.1/../../../../arm-none-eabi/lib/thumb/v7e-m/fpv4-sp/hard\libc_nano.a(lib_a-exit.o)
                                                  c:/tools/gcc7_2017-q4-major/bin/../lib/gcc/arm-none-eabi/7.2.1/../../../../arm-none-eabi/lib/thumb/v7e-m/fpv4-sp/hard/crt0.o
g_pfnVectors                                      build/startup_stm32f411xe.o
hardware_init_hook                                c:/tools/gcc7_2017-q4-major/bin/../lib/gcc/arm-none-eabi/7.2.1/../../../../arm-none-eabi/lib/thumb/v7e-m/fpv4-sp/hard/crt0.o
init_interrupt                                    build/stm32f4xx_it.o
init_pin                                          build/gpio.o
                                                  build/main.o
led_off                                           build/gpio.o
led_on                                            build/gpio.o
led_state                                         build/stm32f4xx_it.o
main                                              build/main.o
                                                  build/startup_stm32f411xe.o
                                                  c:/tools/gcc7_2017-q4-major/bin/../lib/gcc/arm-none-eabi/7.2.1/../../../../arm-none-eabi/lib/thumb/v7e-m/fpv4-sp/hard/crt0.o
memset                                            c:/tools/gcc7_2017-q4-major/bin/../lib/gcc/arm-none-eabi/7.2.1/../../../../arm-none-eabi/lib/thumb/v7e-m/fpv4-sp/hard\libc_nano.a(lib_a-memset.o)
                                                  c:/tools/gcc7_2017-q4-major/bin/../lib/gcc/arm-none-eabi/7.2.1/../../../../arm-none-eabi/lib/thumb/v7e-m/fpv4-sp/hard/crt0.o
rcc_enableclk                                     build/clock.o
                                                  build/main.o
rx_data                                           build/stm32f4xx_it.o
software_init_hook                                c:/tools/gcc7_2017-q4-major/bin/../lib/gcc/arm-none-eabi/7.2.1/../../../../arm-none-eabi/lib/thumb/v7e-m/fpv4-sp/hard/crt0.o
system_init                                       build/clock.o
                                                  build/main.o
timer2_init                                       build/systick.o
                                                  build/main.o
timer2_start                                      build/systick.o
                                                  build/main.o
times                                             build/main.o
uart_init                                         build/uart.o
usart_send_byte                                   build/uart.o
usart_send_string                                 build/uart.o
