Archive member included to satisfy reference by file (symbol)

c:/tools/gcc7_2017-q4-major/bin/../lib/gcc/arm-none-eabi/7.2.1/../../../../arm-none-eabi/lib/thumb/v7e-m/fpv4-sp/hard\libc_nano.a(lib_a-exit.o)
                              c:/tools/gcc7_2017-q4-major/bin/../lib/gcc/arm-none-eabi/7.2.1/../../../../arm-none-eabi/lib/thumb/v7e-m/fpv4-sp/hard/crt0.o (exit)
c:/tools/gcc7_2017-q4-major/bin/../lib/gcc/arm-none-eabi/7.2.1/../../../../arm-none-eabi/lib/thumb/v7e-m/fpv4-sp/hard\libc_nano.a(lib_a-impure.o)
                              c:/tools/gcc7_2017-q4-major/bin/../lib/gcc/arm-none-eabi/7.2.1/../../../../arm-none-eabi/lib/thumb/v7e-m/fpv4-sp/hard\libc_nano.a(lib_a-exit.o) (_global_impure_ptr)
c:/tools/gcc7_2017-q4-major/bin/../lib/gcc/arm-none-eabi/7.2.1/../../../../arm-none-eabi/lib/thumb/v7e-m/fpv4-sp/hard\libc_nano.a(lib_a-init.o)
                              c:/tools/gcc7_2017-q4-major/bin/../lib/gcc/arm-none-eabi/7.2.1/../../../../arm-none-eabi/lib/thumb/v7e-m/fpv4-sp/hard/crt0.o (__libc_init_array)
c:/tools/gcc7_2017-q4-major/bin/../lib/gcc/arm-none-eabi/7.2.1/../../../../arm-none-eabi/lib/thumb/v7e-m/fpv4-sp/hard\libc_nano.a(lib_a-memset.o)
                              c:/tools/gcc7_2017-q4-major/bin/../lib/gcc/arm-none-eabi/7.2.1/../../../../arm-none-eabi/lib/thumb/v7e-m/fpv4-sp/hard/crt0.o (memset)
c:/tools/gcc7_2017-q4-major/bin/../lib/gcc/arm-none-eabi/7.2.1/../../../../arm-none-eabi/lib/thumb/v7e-m/fpv4-sp/hard\libnosys.a(_exit.o)
                              c:/tools/gcc7_2017-q4-major/bin/../lib/gcc/arm-none-eabi/7.2.1/../../../../arm-none-eabi/lib/thumb/v7e-m/fpv4-sp/hard\libc_nano.a(lib_a-exit.o) (_exit)

Discarded input sections

 .text          0x00000000        0x0 c:/tools/gcc7_2017-q4-major/bin/../lib/gcc/arm-none-eabi/7.2.1/thumb/v7e-m/fpv4-sp/hard/crti.o
 .data          0x00000000        0x0 c:/tools/gcc7_2017-q4-major/bin/../lib/gcc/arm-none-eabi/7.2.1/thumb/v7e-m/fpv4-sp/hard/crti.o
 .bss           0x00000000        0x0 c:/tools/gcc7_2017-q4-major/bin/../lib/gcc/arm-none-eabi/7.2.1/thumb/v7e-m/fpv4-sp/hard/crti.o
 .data          0x00000000        0x4 c:/tools/gcc7_2017-q4-major/bin/../lib/gcc/arm-none-eabi/7.2.1/thumb/v7e-m/fpv4-sp/hard/crtbegin.o
 .text          0x00000000       0x74 c:/tools/gcc7_2017-q4-major/bin/../lib/gcc/arm-none-eabi/7.2.1/../../../../arm-none-eabi/lib/thumb/v7e-m/fpv4-sp/hard/crt0.o
 .data          0x00000000        0x0 c:/tools/gcc7_2017-q4-major/bin/../lib/gcc/arm-none-eabi/7.2.1/../../../../arm-none-eabi/lib/thumb/v7e-m/fpv4-sp/hard/crt0.o
 .bss           0x00000000        0x0 c:/tools/gcc7_2017-q4-major/bin/../lib/gcc/arm-none-eabi/7.2.1/../../../../arm-none-eabi/lib/thumb/v7e-m/fpv4-sp/hard/crt0.o
 .ARM.extab     0x00000000        0x0 c:/tools/gcc7_2017-q4-major/bin/../lib/gcc/arm-none-eabi/7.2.1/../../../../arm-none-eabi/lib/thumb/v7e-m/fpv4-sp/hard/crt0.o
 .ARM.exidx     0x00000000        0x8 c:/tools/gcc7_2017-q4-major/bin/../lib/gcc/arm-none-eabi/7.2.1/../../../../arm-none-eabi/lib/thumb/v7e-m/fpv4-sp/hard/crt0.o
 .ARM.attributes
                0x00000000       0x20 c:/tools/gcc7_2017-q4-major/bin/../lib/gcc/arm-none-eabi/7.2.1/../../../../arm-none-eabi/lib/thumb/v7e-m/fpv4-sp/hard/crt0.o
 .text          0x00000000        0x0 build/main.o
 .data          0x00000000        0x0 build/main.o
 .bss           0x00000000        0x0 build/main.o
 .text          0x00000000        0x0 build/stm32f4xx_it.o
 .data          0x00000000        0x0 build/stm32f4xx_it.o
 .bss           0x00000000        0x0 build/stm32f4xx_it.o
 .bss.led_state
                0x00000000        0x4 build/stm32f4xx_it.o
 .text          0x00000000        0x0 build/clock.o
 .data          0x00000000        0x0 build/clock.o
 .bss           0x00000000        0x0 build/clock.o
 .text          0x00000000        0x0 build/uart.o
 .data          0x00000000        0x0 build/uart.o
 .bss           0x00000000        0x0 build/uart.o
 .text          0x00000000        0x0 build/gpio.o
 .data          0x00000000        0x0 build/gpio.o
 .bss           0x00000000        0x0 build/gpio.o
 .text          0x00000000       0x14 build/startup_stm32f411xe.o
 .data          0x00000000        0x0 build/startup_stm32f411xe.o
 .bss           0x00000000        0x0 build/startup_stm32f411xe.o
 .text          0x00000000        0x0 c:/tools/gcc7_2017-q4-major/bin/../lib/gcc/arm-none-eabi/7.2.1/../../../../arm-none-eabi/lib/thumb/v7e-m/fpv4-sp/hard\libc_nano.a(lib_a-exit.o)
 .data          0x00000000        0x0 c:/tools/gcc7_2017-q4-major/bin/../lib/gcc/arm-none-eabi/7.2.1/../../../../arm-none-eabi/lib/thumb/v7e-m/fpv4-sp/hard\libc_nano.a(lib_a-exit.o)
 .bss           0x00000000        0x0 c:/tools/gcc7_2017-q4-major/bin/../lib/gcc/arm-none-eabi/7.2.1/../../../../arm-none-eabi/lib/thumb/v7e-m/fpv4-sp/hard\libc_nano.a(lib_a-exit.o)
 .text.exit     0x00000000       0x28 c:/tools/gcc7_2017-q4-major/bin/../lib/gcc/arm-none-eabi/7.2.1/../../../../arm-none-eabi/lib/thumb/v7e-m/fpv4-sp/hard\libc_nano.a(lib_a-exit.o)
 .debug_frame   0x00000000       0x28 c:/tools/gcc7_2017-q4-major/bin/../lib/gcc/arm-none-eabi/7.2.1/../../../../arm-none-eabi/lib/thumb/v7e-m/fpv4-sp/hard\libc_nano.a(lib_a-exit.o)
 .ARM.attributes
                0x00000000       0x34 c:/tools/gcc7_2017-q4-major/bin/../lib/gcc/arm-none-eabi/7.2.1/../../../../arm-none-eabi/lib/thumb/v7e-m/fpv4-sp/hard\libc_nano.a(lib_a-exit.o)
 .text          0x00000000        0x0 c:/tools/gcc7_2017-q4-major/bin/../lib/gcc/arm-none-eabi/7.2.1/../../../../arm-none-eabi/lib/thumb/v7e-m/fpv4-sp/hard\libc_nano.a(lib_a-impure.o)
 .data          0x00000000        0x0 c:/tools/gcc7_2017-q4-major/bin/../lib/gcc/arm-none-eabi/7.2.1/../../../../arm-none-eabi/lib/thumb/v7e-m/fpv4-sp/hard\libc_nano.a(lib_a-impure.o)
 .bss           0x00000000        0x0 c:/tools/gcc7_2017-q4-major/bin/../lib/gcc/arm-none-eabi/7.2.1/../../../../arm-none-eabi/lib/thumb/v7e-m/fpv4-sp/hard\libc_nano.a(lib_a-impure.o)
 .data._impure_ptr
                0x00000000        0x4 c:/tools/gcc7_2017-q4-major/bin/../lib/gcc/arm-none-eabi/7.2.1/../../../../arm-none-eabi/lib/thumb/v7e-m/fpv4-sp/hard\libc_nano.a(lib_a-impure.o)
 .data.impure_data
                0x00000000       0x60 c:/tools/gcc7_2017-q4-major/bin/../lib/gcc/arm-none-eabi/7.2.1/../../../../arm-none-eabi/lib/thumb/v7e-m/fpv4-sp/hard\libc_nano.a(lib_a-impure.o)
 .rodata._global_impure_ptr
                0x00000000        0x4 c:/tools/gcc7_2017-q4-major/bin/../lib/gcc/arm-none-eabi/7.2.1/../../../../arm-none-eabi/lib/thumb/v7e-m/fpv4-sp/hard\libc_nano.a(lib_a-impure.o)
 .ARM.attributes
                0x00000000       0x34 c:/tools/gcc7_2017-q4-major/bin/../lib/gcc/arm-none-eabi/7.2.1/../../../../arm-none-eabi/lib/thumb/v7e-m/fpv4-sp/hard\libc_nano.a(lib_a-impure.o)
 .text          0x00000000        0x0 c:/tools/gcc7_2017-q4-major/bin/../lib/gcc/arm-none-eabi/7.2.1/../../../../arm-none-eabi/lib/thumb/v7e-m/fpv4-sp/hard\libc_nano.a(lib_a-init.o)
 .data          0x00000000        0x0 c:/tools/gcc7_2017-q4-major/bin/../lib/gcc/arm-none-eabi/7.2.1/../../../../arm-none-eabi/lib/thumb/v7e-m/fpv4-sp/hard\libc_nano.a(lib_a-init.o)
 .bss           0x00000000        0x0 c:/tools/gcc7_2017-q4-major/bin/../lib/gcc/arm-none-eabi/7.2.1/../../../../arm-none-eabi/lib/thumb/v7e-m/fpv4-sp/hard\libc_nano.a(lib_a-init.o)
 .text          0x00000000        0x0 c:/tools/gcc7_2017-q4-major/bin/../lib/gcc/arm-none-eabi/7.2.1/../../../../arm-none-eabi/lib/thumb/v7e-m/fpv4-sp/hard\libc_nano.a(lib_a-memset.o)
 .data          0x00000000        0x0 c:/tools/gcc7_2017-q4-major/bin/../lib/gcc/arm-none-eabi/7.2.1/../../../../arm-none-eabi/lib/thumb/v7e-m/fpv4-sp/hard\libc_nano.a(lib_a-memset.o)
 .bss           0x00000000        0x0 c:/tools/gcc7_2017-q4-major/bin/../lib/gcc/arm-none-eabi/7.2.1/../../../../arm-none-eabi/lib/thumb/v7e-m/fpv4-sp/hard\libc_nano.a(lib_a-memset.o)
 .text.memset   0x00000000       0x10 c:/tools/gcc7_2017-q4-major/bin/../lib/gcc/arm-none-eabi/7.2.1/../../../../arm-none-eabi/lib/thumb/v7e-m/fpv4-sp/hard\libc_nano.a(lib_a-memset.o)
 .debug_frame   0x00000000       0x20 c:/tools/gcc7_2017-q4-major/bin/../lib/gcc/arm-none-eabi/7.2.1/../../../../arm-none-eabi/lib/thumb/v7e-m/fpv4-sp/hard\libc_nano.a(lib_a-memset.o)
 .ARM.attributes
                0x00000000       0x34 c:/tools/gcc7_2017-q4-major/bin/../lib/gcc/arm-none-eabi/7.2.1/../../../../arm-none-eabi/lib/thumb/v7e-m/fpv4-sp/hard\libc_nano.a(lib_a-memset.o)
 .text          0x00000000        0x0 c:/tools/gcc7_2017-q4-major/bin/../lib/gcc/arm-none-eabi/7.2.1/../../../../arm-none-eabi/lib/thumb/v7e-m/fpv4-sp/hard\libnosys.a(_exit.o)
 .data          0x00000000        0x0 c:/tools/gcc7_2017-q4-major/bin/../lib/gcc/arm-none-eabi/7.2.1/../../../../arm-none-eabi/lib/thumb/v7e-m/fpv4-sp/hard\libnosys.a(_exit.o)
 .bss           0x00000000        0x0 c:/tools/gcc7_2017-q4-major/bin/../lib/gcc/arm-none-eabi/7.2.1/../../../../arm-none-eabi/lib/thumb/v7e-m/fpv4-sp/hard\libnosys.a(_exit.o)
 .text._exit    0x00000000        0x4 c:/tools/gcc7_2017-q4-major/bin/../lib/gcc/arm-none-eabi/7.2.1/../../../../arm-none-eabi/lib/thumb/v7e-m/fpv4-sp/hard\libnosys.a(_exit.o)
 .debug_frame   0x00000000       0x20 c:/tools/gcc7_2017-q4-major/bin/../lib/gcc/arm-none-eabi/7.2.1/../../../../arm-none-eabi/lib/thumb/v7e-m/fpv4-sp/hard\libnosys.a(_exit.o)
 .ARM.attributes
                0x00000000       0x34 c:/tools/gcc7_2017-q4-major/bin/../lib/gcc/arm-none-eabi/7.2.1/../../../../arm-none-eabi/lib/thumb/v7e-m/fpv4-sp/hard\libnosys.a(_exit.o)
 .text          0x00000000        0x0 c:/tools/gcc7_2017-q4-major/bin/../lib/gcc/arm-none-eabi/7.2.1/thumb/v7e-m/fpv4-sp/hard/crtend.o
 .data          0x00000000        0x0 c:/tools/gcc7_2017-q4-major/bin/../lib/gcc/arm-none-eabi/7.2.1/thumb/v7e-m/fpv4-sp/hard/crtend.o
 .bss           0x00000000        0x0 c:/tools/gcc7_2017-q4-major/bin/../lib/gcc/arm-none-eabi/7.2.1/thumb/v7e-m/fpv4-sp/hard/crtend.o
 .eh_frame      0x00000000        0x4 c:/tools/gcc7_2017-q4-major/bin/../lib/gcc/arm-none-eabi/7.2.1/thumb/v7e-m/fpv4-sp/hard/crtend.o
 .ARM.attributes
                0x00000000       0x34 c:/tools/gcc7_2017-q4-major/bin/../lib/gcc/arm-none-eabi/7.2.1/thumb/v7e-m/fpv4-sp/hard/crtend.o
 .text          0x00000000        0x0 c:/tools/gcc7_2017-q4-major/bin/../lib/gcc/arm-none-eabi/7.2.1/thumb/v7e-m/fpv4-sp/hard/crtn.o
 .data          0x00000000        0x0 c:/tools/gcc7_2017-q4-major/bin/../lib/gcc/arm-none-eabi/7.2.1/thumb/v7e-m/fpv4-sp/hard/crtn.o
 .bss           0x00000000        0x0 c:/tools/gcc7_2017-q4-major/bin/../lib/gcc/arm-none-eabi/7.2.1/thumb/v7e-m/fpv4-sp/hard/crtn.o

Memory Configuration

Name             Origin             Length             Attributes
RAM              0x20000000         0x00020000         xrw
FLASH            0x08000000         0x00080000         xr
*default*        0x00000000         0xffffffff

Linker script and memory map

LOAD c:/tools/gcc7_2017-q4-major/bin/../lib/gcc/arm-none-eabi/7.2.1/thumb/v7e-m/fpv4-sp/hard/crti.o
LOAD c:/tools/gcc7_2017-q4-major/bin/../lib/gcc/arm-none-eabi/7.2.1/thumb/v7e-m/fpv4-sp/hard/crtbegin.o
LOAD c:/tools/gcc7_2017-q4-major/bin/../lib/gcc/arm-none-eabi/7.2.1/../../../../arm-none-eabi/lib/thumb/v7e-m/fpv4-sp/hard/crt0.o
LOAD build/main.o
LOAD build/stm32f4xx_it.o
LOAD build/clock.o
LOAD build/uart.o
LOAD build/gpio.o
LOAD build/startup_stm32f411xe.o
LOAD c:/tools/gcc7_2017-q4-major/bin/../lib/gcc/arm-none-eabi/7.2.1/../../../../arm-none-eabi/lib/thumb/v7e-m/fpv4-sp/hard\libc_nano.a
LOAD c:/tools/gcc7_2017-q4-major/bin/../lib/gcc/arm-none-eabi/7.2.1/../../../../arm-none-eabi/lib/thumb/v7e-m/fpv4-sp/hard\libm.a
LOAD c:/tools/gcc7_2017-q4-major/bin/../lib/gcc/arm-none-eabi/7.2.1/../../../../arm-none-eabi/lib/thumb/v7e-m/fpv4-sp/hard\libnosys.a
START GROUP
LOAD c:/tools/gcc7_2017-q4-major/bin/../lib/gcc/arm-none-eabi/7.2.1/thumb/v7e-m/fpv4-sp/hard\libgcc.a
LOAD c:/tools/gcc7_2017-q4-major/bin/../lib/gcc/arm-none-eabi/7.2.1/../../../../arm-none-eabi/lib/thumb/v7e-m/fpv4-sp/hard\libc_nano.a
END GROUP
START GROUP
LOAD c:/tools/gcc7_2017-q4-major/bin/../lib/gcc/arm-none-eabi/7.2.1/thumb/v7e-m/fpv4-sp/hard\libgcc.a
LOAD c:/tools/gcc7_2017-q4-major/bin/../lib/gcc/arm-none-eabi/7.2.1/../../../../arm-none-eabi/lib/thumb/v7e-m/fpv4-sp/hard\libc_nano.a
END GROUP
LOAD c:/tools/gcc7_2017-q4-major/bin/../lib/gcc/arm-none-eabi/7.2.1/thumb/v7e-m/fpv4-sp/hard/crtend.o
LOAD c:/tools/gcc7_2017-q4-major/bin/../lib/gcc/arm-none-eabi/7.2.1/thumb/v7e-m/fpv4-sp/hard/crtn.o
                0x20020000                _estack = 0x20020000
                0x00000200                _Min_Heap_Size = 0x200
                0x00000400                _Min_Stack_Size = 0x400

.isr_vector     0x08000000      0x198
                0x08000000                . = ALIGN (0x4)
 *(.isr_vector)
 .isr_vector    0x08000000      0x198 build/startup_stm32f411xe.o
                0x08000000                g_pfnVectors
                0x08000198                . = ALIGN (0x4)

.text           0x08000198      0x540
                0x08000198                . = ALIGN (0x4)
 *(.text)
 .text          0x08000198       0x40 c:/tools/gcc7_2017-q4-major/bin/../lib/gcc/arm-none-eabi/7.2.1/thumb/v7e-m/fpv4-sp/hard/crtbegin.o
 *(.text*)
 .text.delay    0x080001d8       0x1c build/main.o
                0x080001d8                delay
 .text.main     0x080001f4       0x5c build/main.o
                0x080001f4                main
 .text.EXTI1_IRQHandler
                0x08000250       0x20 build/stm32f4xx_it.o
                0x08000250                EXTI1_IRQHandler
 .text.EXTI0_IRQHandler
                0x08000270       0x40 build/stm32f4xx_it.o
                0x08000270                EXTI0_IRQHandler
 .text.init_interrupt
                0x080002b0       0x7c build/stm32f4xx_it.o
                0x080002b0                init_interrupt
 .text.USART1_IRQHandler
                0x0800032c       0x40 build/stm32f4xx_it.o
                0x0800032c                USART1_IRQHandler
 .text.NMI_Handler
                0x0800036c        0x2 build/stm32f4xx_it.o
                0x0800036c                NMI_Handler
 .text.HardFault_Handler
                0x0800036e        0x2 build/stm32f4xx_it.o
                0x0800036e                HardFault_Handler
 .text.MemManage_Handler
                0x08000370        0x2 build/stm32f4xx_it.o
                0x08000370                MemManage_Handler
 .text.BusFault_Handler
                0x08000372        0x2 build/stm32f4xx_it.o
                0x08000372                BusFault_Handler
 .text.UsageFault_Handler
                0x08000374        0x2 build/stm32f4xx_it.o
                0x08000374                UsageFault_Handler
 .text.SVC_Handler
                0x08000376        0x2 build/stm32f4xx_it.o
                0x08000376                SVC_Handler
 .text.DebugMon_Handler
                0x08000378        0x2 build/stm32f4xx_it.o
                0x08000378                DebugMon_Handler
 .text.PendSV_Handler
                0x0800037a        0x2 build/stm32f4xx_it.o
                0x0800037a                PendSV_Handler
 .text.SysTick_Handler
                0x0800037c        0x2 build/stm32f4xx_it.o
                0x0800037c                SysTick_Handler
 *fill*         0x0800037e        0x2 
 .text.system_init
                0x08000380      0x1a0 build/clock.o
                0x08000380                system_init
 .text.rcc_enableclk
                0x08000520       0x10 build/clock.o
                0x08000520                rcc_enableclk
 .text.uart_init
                0x08000530       0x94 build/uart.o
                0x08000530                uart_init
 .text.usart_send_byte
                0x080005c4       0x20 build/uart.o
                0x080005c4                usart_send_byte
 .text.usart_send_string
                0x080005e4       0x16 build/uart.o
                0x080005e4                usart_send_string
 *fill*         0x080005fa        0x2 
 .text.init_pin
                0x080005fc       0x14 build/gpio.o
                0x080005fc                init_pin
 .text.led_on   0x08000610        0xa build/gpio.o
                0x08000610                led_on
 .text.led_off  0x0800061a        0xc build/gpio.o
                0x0800061a                led_off
 *fill*         0x08000626        0x2 
 .text.Reset_Handler
                0x08000628       0x4c build/startup_stm32f411xe.o
                0x08000628                Reset_Handler
 .text.Default_Handler
                0x08000674        0x2 build/startup_stm32f411xe.o
                0x08000674                RTC_Alarm_IRQHandler
                0x08000674                EXTI2_IRQHandler
                0x08000674                SPI4_IRQHandler
                0x08000674                TIM1_CC_IRQHandler
                0x08000674                DMA2_Stream5_IRQHandler
                0x08000674                DMA1_Stream5_IRQHandler
                0x08000674                PVD_IRQHandler
                0x08000674                SDIO_IRQHandler
                0x08000674                TAMP_STAMP_IRQHandler
                0x08000674                EXTI3_IRQHandler
                0x08000674                TIM1_UP_TIM10_IRQHandler
                0x08000674                I2C3_ER_IRQHandler
                0x08000674                I2C2_EV_IRQHandler
                0x08000674                DMA1_Stream2_IRQHandler
                0x08000674                FPU_IRQHandler
                0x08000674                DMA2_Stream2_IRQHandler
                0x08000674                SPI1_IRQHandler
                0x08000674                TIM1_BRK_TIM9_IRQHandler
                0x08000674                DMA2_Stream3_IRQHandler
                0x08000674                USART6_IRQHandler
                0x08000674                DMA2_Stream0_IRQHandler
                0x08000674                TIM4_IRQHandler
                0x08000674                I2C1_EV_IRQHandler
                0x08000674                DMA1_Stream6_IRQHandler
                0x08000674                DMA1_Stream1_IRQHandler
                0x08000674                TIM3_IRQHandler
                0x08000674                RCC_IRQHandler
                0x08000674                Default_Handler
                0x08000674                EXTI15_10_IRQHandler
                0x08000674                ADC_IRQHandler
                0x08000674                DMA1_Stream7_IRQHandler
                0x08000674                SPI5_IRQHandler
                0x08000674                TIM5_IRQHandler
                0x08000674                DMA2_Stream7_IRQHandler
                0x08000674                I2C3_EV_IRQHandler
                0x08000674                EXTI9_5_IRQHandler
                0x08000674                RTC_WKUP_IRQHandler
                0x08000674                SPI2_IRQHandler
                0x08000674                DMA1_Stream0_IRQHandler
                0x08000674                EXTI4_IRQHandler
                0x08000674                WWDG_IRQHandler
                0x08000674                TIM2_IRQHandler
                0x08000674                OTG_FS_WKUP_IRQHandler
                0x08000674                TIM1_TRG_COM_TIM11_IRQHandler
                0x08000674                USART2_IRQHandler
                0x08000674                I2C2_ER_IRQHandler
                0x08000674                DMA2_Stream1_IRQHandler
                0x08000674                FLASH_IRQHandler
                0x08000674                DMA2_Stream4_IRQHandler
                0x08000674                OTG_FS_IRQHandler
                0x08000674                SPI3_IRQHandler
                0x08000674                DMA1_Stream4_IRQHandler
                0x08000674                I2C1_ER_IRQHandler
                0x08000674                DMA2_Stream6_IRQHandler
                0x08000674                DMA1_Stream3_IRQHandler
 *fill*         0x08000676        0x2 
 .text.__libc_init_array
                0x08000678       0x48 c:/tools/gcc7_2017-q4-major/bin/../lib/gcc/arm-none-eabi/7.2.1/../../../../arm-none-eabi/lib/thumb/v7e-m/fpv4-sp/hard\libc_nano.a(lib_a-init.o)
                0x08000678                __libc_init_array
 *(.glue_7)
 .glue_7        0x080006c0        0x0 linker stubs
 *(.glue_7t)
 .glue_7t       0x080006c0        0x0 linker stubs
 *(.eh_frame)
 .eh_frame      0x080006c0        0x0 c:/tools/gcc7_2017-q4-major/bin/../lib/gcc/arm-none-eabi/7.2.1/thumb/v7e-m/fpv4-sp/hard/crtbegin.o
 *(.init)
 .init          0x080006c0        0x4 c:/tools/gcc7_2017-q4-major/bin/../lib/gcc/arm-none-eabi/7.2.1/thumb/v7e-m/fpv4-sp/hard/crti.o
                0x080006c0                _init
 .init          0x080006c4        0x8 c:/tools/gcc7_2017-q4-major/bin/../lib/gcc/arm-none-eabi/7.2.1/thumb/v7e-m/fpv4-sp/hard/crtn.o
 *(.fini)
 .fini          0x080006cc        0x4 c:/tools/gcc7_2017-q4-major/bin/../lib/gcc/arm-none-eabi/7.2.1/thumb/v7e-m/fpv4-sp/hard/crti.o
                0x080006cc                _fini
 .fini          0x080006d0        0x8 c:/tools/gcc7_2017-q4-major/bin/../lib/gcc/arm-none-eabi/7.2.1/thumb/v7e-m/fpv4-sp/hard/crtn.o
                0x080006d8                . = ALIGN (0x4)
                0x080006d8                _etext = .

.vfp11_veneer   0x080006d8        0x0
 .vfp11_veneer  0x080006d8        0x0 linker stubs

.v4_bx          0x080006d8        0x0
 .v4_bx         0x080006d8        0x0 linker stubs

.iplt           0x080006d8        0x0
 .iplt          0x080006d8        0x0 c:/tools/gcc7_2017-q4-major/bin/../lib/gcc/arm-none-eabi/7.2.1/thumb/v7e-m/fpv4-sp/hard/crtbegin.o

.rodata         0x080006d8       0x14
                0x080006d8                . = ALIGN (0x4)
 *(.rodata)
 *(.rodata*)
 .rodata.main.str1.4
                0x080006d8       0x14 build/main.o
                                 0x11 (size before relaxing)
                0x080006ec                . = ALIGN (0x4)

.rel.dyn        0x080006ec        0x0
 .rel.iplt      0x080006ec        0x0 c:/tools/gcc7_2017-q4-major/bin/../lib/gcc/arm-none-eabi/7.2.1/thumb/v7e-m/fpv4-sp/hard/crtbegin.o

.ARM.extab
 *(.ARM.extab* .gnu.linkonce.armextab.*)

.ARM            0x080006ec        0x0
                0x080006ec                __exidx_start = .
 *(.ARM.exidx*)
                0x080006ec                __exidx_end = .

.preinit_array  0x080006ec        0x0
                0x080006ec                PROVIDE (__preinit_array_start, .)
 *(.preinit_array*)
                0x080006ec                PROVIDE (__preinit_array_end, .)

.init_array     0x080006ec        0x4
                0x080006ec                PROVIDE (__init_array_start, .)
 *(SORT_BY_NAME(.init_array.*))
 *(.init_array*)
 .init_array    0x080006ec        0x4 c:/tools/gcc7_2017-q4-major/bin/../lib/gcc/arm-none-eabi/7.2.1/thumb/v7e-m/fpv4-sp/hard/crtbegin.o
                0x080006f0                PROVIDE (__init_array_end, .)

.fini_array     0x080006f0        0x4
                [!provide]                PROVIDE (__fini_array_start, .)
 *(SORT_BY_NAME(.fini_array.*))
 *(.fini_array*)
 .fini_array    0x080006f0        0x4 c:/tools/gcc7_2017-q4-major/bin/../lib/gcc/arm-none-eabi/7.2.1/thumb/v7e-m/fpv4-sp/hard/crtbegin.o
                [!provide]                PROVIDE (__fini_array_end, .)
                0x080006f4                _sidata = LOADADDR (.data)

.data           0x20000000        0x0 load address 0x080006f4
                0x20000000                . = ALIGN (0x4)
                0x20000000                _sdata = .
 *(.data)
 *(.data*)
                0x20000000                . = ALIGN (0x4)
                0x20000000                _edata = .

.igot.plt       0x20000000        0x0 load address 0x080006f4
 .igot.plt      0x20000000        0x0 c:/tools/gcc7_2017-q4-major/bin/../lib/gcc/arm-none-eabi/7.2.1/thumb/v7e-m/fpv4-sp/hard/crtbegin.o
                0x20000000                . = ALIGN (0x4)

.bss            0x20000000       0x20 load address 0x080006f4
                0x20000000                _sbss = .
                0x20000000                __bss_start__ = _sbss
 *(.bss)
 .bss           0x20000000       0x1c c:/tools/gcc7_2017-q4-major/bin/../lib/gcc/arm-none-eabi/7.2.1/thumb/v7e-m/fpv4-sp/hard/crtbegin.o
 *(.bss*)
 .bss.times     0x2000001c        0x1 build/main.o
                0x2000001c                times
 .bss.rx_data   0x2000001d        0x1 build/stm32f4xx_it.o
                0x2000001d                rx_data
 *(COMMON)
                0x20000020                . = ALIGN (0x4)
 *fill*         0x2000001e        0x2 
                0x20000020                _ebss = .
                0x20000020                __bss_end__ = _ebss

._user_heap_stack
                0x20000020      0x600 load address 0x080006f4
                0x20000020                . = ALIGN (0x8)
                [!provide]                PROVIDE (end, .)
                [!provide]                PROVIDE (_end, .)
                0x20000220                . = (. + _Min_Heap_Size)
 *fill*         0x20000020      0x200 
                0x20000620                . = (. + _Min_Stack_Size)
 *fill*         0x20000220      0x400 
                0x20000620                . = ALIGN (0x8)

/DISCARD/
 libc.a(*)
 libm.a(*)
 libgcc.a(*)

.ARM.attributes
                0x00000000       0x30
 *(.ARM.attributes)
 .ARM.attributes
                0x00000000       0x22 c:/tools/gcc7_2017-q4-major/bin/../lib/gcc/arm-none-eabi/7.2.1/thumb/v7e-m/fpv4-sp/hard/crti.o
 .ARM.attributes
                0x00000022       0x34 c:/tools/gcc7_2017-q4-major/bin/../lib/gcc/arm-none-eabi/7.2.1/thumb/v7e-m/fpv4-sp/hard/crtbegin.o
 .ARM.attributes
                0x00000056       0x39 build/main.o
 .ARM.attributes
                0x0000008f       0x39 build/stm32f4xx_it.o
 .ARM.attributes
                0x000000c8       0x39 build/clock.o
 .ARM.attributes
                0x00000101       0x39 build/uart.o
 .ARM.attributes
                0x0000013a       0x39 build/gpio.o
 .ARM.attributes
                0x00000173       0x21 build/startup_stm32f411xe.o
 .ARM.attributes
                0x00000194       0x34 c:/tools/gcc7_2017-q4-major/bin/../lib/gcc/arm-none-eabi/7.2.1/../../../../arm-none-eabi/lib/thumb/v7e-m/fpv4-sp/hard\libc_nano.a(lib_a-init.o)
 .ARM.attributes
                0x000001c8       0x22 c:/tools/gcc7_2017-q4-major/bin/../lib/gcc/arm-none-eabi/7.2.1/thumb/v7e-m/fpv4-sp/hard/crtn.o
OUTPUT(build/uart411.elf elf32-littlearm)

.debug_info     0x00000000      0x6e7
 .debug_info    0x00000000      0x1e2 build/main.o
 .debug_info    0x000001e2      0x261 build/stm32f4xx_it.o
 .debug_info    0x00000443       0xa9 build/clock.o
 .debug_info    0x000004ec       0xef build/uart.o
 .debug_info    0x000005db       0xea build/gpio.o
 .debug_info    0x000006c5       0x22 build/startup_stm32f411xe.o

.debug_abbrev   0x00000000      0x413
 .debug_abbrev  0x00000000       0xea build/main.o
 .debug_abbrev  0x000000ea      0x127 build/stm32f4xx_it.o
 .debug_abbrev  0x00000211       0x85 build/clock.o
 .debug_abbrev  0x00000296       0xc8 build/uart.o
 .debug_abbrev  0x0000035e       0xa3 build/gpio.o
 .debug_abbrev  0x00000401       0x12 build/startup_stm32f411xe.o

.debug_loc      0x00000000      0x430
 .debug_loc     0x00000000       0x52 build/main.o
 .debug_loc     0x00000052      0x17b build/stm32f4xx_it.o
 .debug_loc     0x000001cd       0x51 build/clock.o
 .debug_loc     0x0000021e      0x1c3 build/uart.o
 .debug_loc     0x000003e1       0x4f build/gpio.o

.debug_aranges  0x00000000      0x158
 .debug_aranges
                0x00000000       0x28 build/main.o
 .debug_aranges
                0x00000028       0x80 build/stm32f4xx_it.o
 .debug_aranges
                0x000000a8       0x28 build/clock.o
 .debug_aranges
                0x000000d0       0x30 build/uart.o
 .debug_aranges
                0x00000100       0x30 build/gpio.o
 .debug_aranges
                0x00000130       0x28 build/startup_stm32f411xe.o

.debug_ranges   0x00000000      0x100
 .debug_ranges  0x00000000       0x18 build/main.o
 .debug_ranges  0x00000018       0x70 build/stm32f4xx_it.o
 .debug_ranges  0x00000088       0x18 build/clock.o
 .debug_ranges  0x000000a0       0x20 build/uart.o
 .debug_ranges  0x000000c0       0x20 build/gpio.o
 .debug_ranges  0x000000e0       0x20 build/startup_stm32f411xe.o

.debug_line     0x00000000      0x464
 .debug_line    0x00000000       0xa9 build/main.o
 .debug_line    0x000000a9      0x154 build/stm32f4xx_it.o
 .debug_line    0x000001fd       0xe8 build/clock.o
 .debug_line    0x000002e5       0x98 build/uart.o
 .debug_line    0x0000037d       0x74 build/gpio.o
 .debug_line    0x000003f1       0x73 build/startup_stm32f411xe.o

.debug_str      0x00000000      0x2e3
 .debug_str     0x00000000      0x186 build/main.o
                                0x198 (size before relaxing)
 .debug_str     0x00000186      0x101 build/stm32f4xx_it.o
                                0x22d (size before relaxing)
 .debug_str     0x00000287        0xc build/clock.o
                                0x139 (size before relaxing)
 .debug_str     0x00000293        0xb build/uart.o
                                0x14c (size before relaxing)
 .debug_str     0x0000029e       0x20 build/gpio.o
                                0x155 (size before relaxing)
 .debug_str     0x000002be       0x25 build/startup_stm32f411xe.o
                                 0x4b (size before relaxing)

.comment        0x00000000       0x7e
 .comment       0x00000000       0x7e build/main.o
                                 0x7f (size before relaxing)
 .comment       0x0000007e       0x7f build/stm32f4xx_it.o
 .comment       0x0000007e       0x7f build/clock.o
 .comment       0x0000007e       0x7f build/uart.o
 .comment       0x0000007e       0x7f build/gpio.o

.debug_frame    0x00000000      0x23c
 .debug_frame   0x00000000       0x3c build/main.o
 .debug_frame   0x0000003c      0x100 build/stm32f4xx_it.o
 .debug_frame   0x0000013c       0x38 build/clock.o
 .debug_frame   0x00000174       0x5c build/uart.o
 .debug_frame   0x000001d0       0x40 build/gpio.o
 .debug_frame   0x00000210       0x2c c:/tools/gcc7_2017-q4-major/bin/../lib/gcc/arm-none-eabi/7.2.1/../../../../arm-none-eabi/lib/thumb/v7e-m/fpv4-sp/hard\libc_nano.a(lib_a-init.o)

Cross Reference Table

Symbol                                            File
ADC_IRQHandler                                    build/startup_stm32f411xe.o
BusFault_Handler                                  build/stm32f4xx_it.o
DMA1_Stream0_IRQHandler                           build/startup_stm32f411xe.o
DMA1_Stream1_IRQHandler                           build/startup_stm32f411xe.o
DMA1_Stream2_IRQHandler                           build/startup_stm32f411xe.o
DMA1_Stream3_IRQHandler                           build/startup_stm32f411xe.o
DMA1_Stream4_IRQHandler                           build/startup_stm32f411xe.o
DMA1_Stream5_IRQHandler                           build/startup_stm32f411xe.o
DMA1_Stream6_IRQHandler                           build/startup_stm32f411xe.o
DMA1_Stream7_IRQHandler                           build/startup_stm32f411xe.o
DMA2_Stream0_IRQHandler                           build/startup_stm32f411xe.o
DMA2_Stream1_IRQHandler                           build/startup_stm32f411xe.o
DMA2_Stream2_IRQHandler                           build/startup_stm32f411xe.o
DMA2_Stream3_IRQHandler                           build/startup_stm32f411xe.o
DMA2_Stream4_IRQHandler                           build/startup_stm32f411xe.o
DMA2_Stream5_IRQHandler                           build/startup_stm32f411xe.o
DMA2_Stream6_IRQHandler                           build/startup_stm32f411xe.o
DMA2_Stream7_IRQHandler                           build/startup_stm32f411xe.o
DebugMon_Handler                                  build/stm32f4xx_it.o
Default_Handler                                   build/startup_stm32f411xe.o
EXTI0_IRQHandler                                  build/stm32f4xx_it.o
EXTI15_10_IRQHandler                              build/startup_stm32f411xe.o
EXTI1_IRQHandler                                  build/stm32f4xx_it.o
EXTI2_IRQHandler                                  build/startup_stm32f411xe.o
EXTI3_IRQHandler                                  build/startup_stm32f411xe.o
EXTI4_IRQHandler                                  build/startup_stm32f411xe.o
EXTI9_5_IRQHandler                                build/startup_stm32f411xe.o
FLASH_IRQHandler                                  build/startup_stm32f411xe.o
FPU_IRQHandler                                    build/startup_stm32f411xe.o
HardFault_Handler                                 build/stm32f4xx_it.o
I2C1_ER_IRQHandler                                build/startup_stm32f411xe.o
I2C1_EV_IRQHandler                                build/startup_stm32f411xe.o
I2C2_ER_IRQHandler                                build/startup_stm32f411xe.o
I2C2_EV_IRQHandler                                build/startup_stm32f411xe.o
I2C3_ER_IRQHandler                                build/startup_stm32f411xe.o
I2C3_EV_IRQHandler                                build/startup_stm32f411xe.o
MemManage_Handler                                 build/stm32f4xx_it.o
NMI_Handler                                       build/stm32f4xx_it.o
OTG_FS_IRQHandler                                 build/startup_stm32f411xe.o
OTG_FS_WKUP_IRQHandler                            build/startup_stm32f411xe.o
PVD_IRQHandler                                    build/startup_stm32f411xe.o
PendSV_Handler                                    build/stm32f4xx_it.o
RCC_IRQHandler                                    build/startup_stm32f411xe.o
RTC_Alarm_IRQHandler                              build/startup_stm32f411xe.o
RTC_WKUP_IRQHandler                               build/startup_stm32f411xe.o
Reset_Handler                                     build/startup_stm32f411xe.o
SDIO_IRQHandler                                   build/startup_stm32f411xe.o
SPI1_IRQHandler                                   build/startup_stm32f411xe.o
SPI2_IRQHandler                                   build/startup_stm32f411xe.o
SPI3_IRQHandler                                   build/startup_stm32f411xe.o
SPI4_IRQHandler                                   build/startup_stm32f411xe.o
SPI5_IRQHandler                                   build/startup_stm32f411xe.o
SVC_Handler                                       build/stm32f4xx_it.o
SysTick_Handler                                   build/stm32f4xx_it.o
TAMP_STAMP_IRQHandler                             build/startup_stm32f411xe.o
TIM1_BRK_TIM9_IRQHandler                          build/startup_stm32f411xe.o
TIM1_CC_IRQHandler                                build/startup_stm32f411xe.o
TIM1_TRG_COM_TIM11_IRQHandler                     build/startup_stm32f411xe.o
TIM1_UP_TIM10_IRQHandler                          build/startup_stm32f411xe.o
TIM2_IRQHandler                                   build/startup_stm32f411xe.o
TIM3_IRQHandler                                   build/startup_stm32f411xe.o
TIM4_IRQHandler                                   build/startup_stm32f411xe.o
TIM5_IRQHandler                                   build/startup_stm32f411xe.o
USART1_IRQHandler                                 build/stm32f4xx_it.o
USART2_IRQHandler                                 build/startup_stm32f411xe.o
USART6_IRQHandler                                 build/startup_stm32f411xe.o
UsageFault_Handler                                build/stm32f4xx_it.o
WWDG_IRQHandler                                   build/startup_stm32f411xe.o
__bss_end__                                       c:/tools/gcc7_2017-q4-major/bin/../lib/gcc/arm-none-eabi/7.2.1/../../../../arm-none-eabi/lib/thumb/v7e-m/fpv4-sp/hard/crt0.o
__bss_start__                                     c:/tools/gcc7_2017-q4-major/bin/../lib/gcc/arm-none-eabi/7.2.1/../../../../arm-none-eabi/lib/thumb/v7e-m/fpv4-sp/hard/crt0.o
__call_exitprocs                                  c:/tools/gcc7_2017-q4-major/bin/../lib/gcc/arm-none-eabi/7.2.1/../../../../arm-none-eabi/lib/thumb/v7e-m/fpv4-sp/hard\libc_nano.a(lib_a-exit.o)
__deregister_frame_info                           c:/tools/gcc7_2017-q4-major/bin/../lib/gcc/arm-none-eabi/7.2.1/thumb/v7e-m/fpv4-sp/hard/crtbegin.o
__dso_handle                                      c:/tools/gcc7_2017-q4-major/bin/../lib/gcc/arm-none-eabi/7.2.1/thumb/v7e-m/fpv4-sp/hard/crtbegin.o
__init_array_end                                  c:/tools/gcc7_2017-q4-major/bin/../lib/gcc/arm-none-eabi/7.2.1/../../../../arm-none-eabi/lib/thumb/v7e-m/fpv4-sp/hard\libc_nano.a(lib_a-init.o)
__init_array_start                                c:/tools/gcc7_2017-q4-major/bin/../lib/gcc/arm-none-eabi/7.2.1/../../../../arm-none-eabi/lib/thumb/v7e-m/fpv4-sp/hard\libc_nano.a(lib_a-init.o)
__libc_fini_array                                 c:/tools/gcc7_2017-q4-major/bin/../lib/gcc/arm-none-eabi/7.2.1/../../../../arm-none-eabi/lib/thumb/v7e-m/fpv4-sp/hard/crt0.o
__libc_init_array                                 c:/tools/gcc7_2017-q4-major/bin/../lib/gcc/arm-none-eabi/7.2.1/../../../../arm-none-eabi/lib/thumb/v7e-m/fpv4-sp/hard\libc_nano.a(lib_a-init.o)
                                                  build/startup_stm32f411xe.o
                                                  c:/tools/gcc7_2017-q4-major/bin/../lib/gcc/arm-none-eabi/7.2.1/../../../../arm-none-eabi/lib/thumb/v7e-m/fpv4-sp/hard/crt0.o
__preinit_array_end                               c:/tools/gcc7_2017-q4-major/bin/../lib/gcc/arm-none-eabi/7.2.1/../../../../arm-none-eabi/lib/thumb/v7e-m/fpv4-sp/hard\libc_nano.a(lib_a-init.o)
__preinit_array_start                             c:/tools/gcc7_2017-q4-major/bin/../lib/gcc/arm-none-eabi/7.2.1/../../../../arm-none-eabi/lib/thumb/v7e-m/fpv4-sp/hard\libc_nano.a(lib_a-init.o)
__register_frame_info                             c:/tools/gcc7_2017-q4-major/bin/../lib/gcc/arm-none-eabi/7.2.1/thumb/v7e-m/fpv4-sp/hard/crtbegin.o
__sf_fake_stderr                                  c:/tools/gcc7_2017-q4-major/bin/../lib/gcc/arm-none-eabi/7.2.1/../../../../arm-none-eabi/lib/thumb/v7e-m/fpv4-sp/hard\libc_nano.a(lib_a-impure.o)
__sf_fake_stdin                                   c:/tools/gcc7_2017-q4-major/bin/../lib/gcc/arm-none-eabi/7.2.1/../../../../arm-none-eabi/lib/thumb/v7e-m/fpv4-sp/hard\libc_nano.a(lib_a-impure.o)
__sf_fake_stdout                                  c:/tools/gcc7_2017-q4-major/bin/../lib/gcc/arm-none-eabi/7.2.1/../../../../arm-none-eabi/lib/thumb/v7e-m/fpv4-sp/hard\libc_nano.a(lib_a-impure.o)
__stack                                           c:/tools/gcc7_2017-q4-major/bin/../lib/gcc/arm-none-eabi/7.2.1/../../../../arm-none-eabi/lib/thumb/v7e-m/fpv4-sp/hard/crt0.o
_ebss                                             build/startup_stm32f411xe.o
_edata                                            build/startup_stm32f411xe.o
_estack                                           build/startup_stm32f411xe.o
_exit                                             c:/tools/gcc7_2017-q4-major/bin/../lib/gcc/arm-none-eabi/7.2.1/../../../../arm-none-eabi/lib/thumb/v7e-m/fpv4-sp/hard\libnosys.a(_exit.o)
                                                  c:/tools/gcc7_2017-q4-major/bin/../lib/gcc/arm-none-eabi/7.2.1/../../../../arm-none-eabi/lib/thumb/v7e-m/fpv4-sp/hard\libc_nano.a(lib_a-exit.o)
_fini                                             c:/tools/gcc7_2017-q4-major/bin/../lib/gcc/arm-none-eabi/7.2.1/thumb/v7e-m/fpv4-sp/hard/crti.o
_global_impure_ptr                                c:/tools/gcc7_2017-q4-major/bin/../lib/gcc/arm-none-eabi/7.2.1/../../../../arm-none-eabi/lib/thumb/v7e-m/fpv4-sp/hard\libc_nano.a(lib_a-impure.o)
                                                  c:/tools/gcc7_2017-q4-major/bin/../lib/gcc/arm-none-eabi/7.2.1/../../../../arm-none-eabi/lib/thumb/v7e-m/fpv4-sp/hard\libc_nano.a(lib_a-exit.o)
_impure_ptr                                       c:/tools/gcc7_2017-q4-major/bin/../lib/gcc/arm-none-eabi/7.2.1/../../../../arm-none-eabi/lib/thumb/v7e-m/fpv4-sp/hard\libc_nano.a(lib_a-impure.o)
_init                                             c:/tools/gcc7_2017-q4-major/bin/../lib/gcc/arm-none-eabi/7.2.1/thumb/v7e-m/fpv4-sp/hard/crti.o
                                                  c:/tools/gcc7_2017-q4-major/bin/../lib/gcc/arm-none-eabi/7.2.1/../../../../arm-none-eabi/lib/thumb/v7e-m/fpv4-sp/hard\libc_nano.a(lib_a-init.o)
_mainCRTStartup                                   c:/tools/gcc7_2017-q4-major/bin/../lib/gcc/arm-none-eabi/7.2.1/../../../../arm-none-eabi/lib/thumb/v7e-m/fpv4-sp/hard/crt0.o
_sbss                                             build/startup_stm32f411xe.o
_sdata                                            build/startup_stm32f411xe.o
_sidata                                           build/startup_stm32f411xe.o
_start                                            c:/tools/gcc7_2017-q4-major/bin/../lib/gcc/arm-none-eabi/7.2.1/../../../../arm-none-eabi/lib/thumb/v7e-m/fpv4-sp/hard/crt0.o
atexit                                            c:/tools/gcc7_2017-q4-major/bin/../lib/gcc/arm-none-eabi/7.2.1/../../../../arm-none-eabi/lib/thumb/v7e-m/fpv4-sp/hard/crt0.o
delay                                             build/main.o
                                                  build/stm32f4xx_it.o
exit                                              c:/tools/gcc7_2017-q4-major/bin/../lib/gcc/arm-none-eabi/7.2.1/../../../../arm-none-eabi/lib/thumb/v7e-m/fpv4-sp/hard\libc_nano.a(lib_a-exit.o)
                                                  c:/tools/gcc7_2017-q4-major/bin/../lib/gcc/arm-none-eabi/7.2.1/../../../../arm-none-eabi/lib/thumb/v7e-m/fpv4-sp/hard/crt0.o
g_pfnVectors                                      build/startup_stm32f411xe.o
hardware_init_hook                                c:/tools/gcc7_2017-q4-major/bin/../lib/gcc/arm-none-eabi/7.2.1/../../../../arm-none-eabi/lib/thumb/v7e-m/fpv4-sp/hard/crt0.o
init_interrupt                                    build/stm32f4xx_it.o
                                                  build/main.o
init_pin                                          build/gpio.o
                                                  build/main.o
led_off                                           build/gpio.o
                                                  build/stm32f4xx_it.o
                                                  build/main.o
led_on                                            build/gpio.o
                                                  build/stm32f4xx_it.o
                                                  build/main.o
led_state                                         build/stm32f4xx_it.o
main                                              build/main.o
                                                  build/startup_stm32f411xe.o
                                                  c:/tools/gcc7_2017-q4-major/bin/../lib/gcc/arm-none-eabi/7.2.1/../../../../arm-none-eabi/lib/thumb/v7e-m/fpv4-sp/hard/crt0.o
memset                                            c:/tools/gcc7_2017-q4-major/bin/../lib/gcc/arm-none-eabi/7.2.1/../../../../arm-none-eabi/lib/thumb/v7e-m/fpv4-sp/hard\libc_nano.a(lib_a-memset.o)
                                                  c:/tools/gcc7_2017-q4-major/bin/../lib/gcc/arm-none-eabi/7.2.1/../../../../arm-none-eabi/lib/thumb/v7e-m/fpv4-sp/hard/crt0.o
rcc_enableclk                                     build/clock.o
                                                  build/main.o
rx_data                                           build/stm32f4xx_it.o
                                                  build/main.o
software_init_hook                                c:/tools/gcc7_2017-q4-major/bin/../lib/gcc/arm-none-eabi/7.2.1/../../../../arm-none-eabi/lib/thumb/v7e-m/fpv4-sp/hard/crt0.o
system_init                                       build/clock.o
                                                  build/main.o
times                                             build/main.o
                                                  build/stm32f4xx_it.o
uart_init                                         build/uart.o
                                                  build/main.o
usart_send_byte                                   build/uart.o
                                                  build/main.o
usart_send_string                                 build/uart.o
                                                  build/main.o
